Component: ARM Compiler 5.06 update 6 (build 750) Tool: armlink [4d35ed]

==============================================================================

Section Cross References

    main.o(.text) refers to delay.o(.text) for delay_init
    main.o(.text) refers to misc.o(.text) for NVIC_PriorityGroupConfig
    main.o(.text) refers to malloc.o(.text) for mymem_init
    main.o(.text) refers to lan8720.o(.text) for ETH_MemMalloc
    main.o(.text) refers to lwip_comm.o(.text) for lwip_comm_mem_malloc
    main.o(.text) refers to net_rxtx.o(.text) for NET_MemMalloc
    main.o(.text) refers to usart.o(.text) for uart_init
    main.o(.text) refers to usart3_fsk.o(.text) for USART3_Init
    main.o(.text) refers to led.o(.text) for LED_Init
    main.o(.text) refers to key.o(.text) for KEY_Init
    main.o(.text) refers to 24cxx.o(.text) for AT24CXX_Init
    main.o(.text) refers to timer.o(.text) for TIM3_Int_Init
    main.o(.text) refers to wm8978.o(.text) for WM8978_Init
    main.o(.text) refers to audio.o(.text) for AUDIO_Init
    main.o(.text) refers to tel_func.o(.text) for TEL_PinInit
    main.o(.text) refers to hhdxmsg.o(.text) for HHDX_VariateInit
    main.o(.text) refers to sipmsganalysis.o(.text) for ANALYSIS_RxParamInit
    main.o(.text) refers to iic.o(.text) for IIC1_Init
    main.o(.text) refers to cw2015.o(.text) for CW2015_Init
    main.o(.text) refers to dtmf_rx.o(.text) for DTMF_Init
    main.o(.text) refers to usmart.o(.text) for usmart_init
    main.o(.text) refers to __2printf.o(.text) for __2printf
    main.o(.text) refers to sipmain.o(.text) for SIP_UainfoInit
    main.o(.text) refers to rtp.o(.text) for RTP_tx
    main.o(.text) refers to sipmain.o(.data) for gpsUaInfo
    main.o(.text) refers to net_rxtx.o(.data) for gsNetFlag
    main.o(.text) refers to main.o(.data) for .data
    main.o(.text) refers to net_rxtx.o(.bss) for gpsaUdppcb
    main.o(.text) refers to 24cxx.o(.data) for gpsEeprom
    main.o(.text) refers to usart.o(.data) for USART_RX_STA
    main.o(.text) refers to sipmsganalysis.o(.data) for gsSipRxFlag
    main.o(.text) refers to timer.o(.data) for gpsT3
    system_stm32f4xx.o(.text) refers to system_stm32f4xx.o(.data) for .data
    key.o(.text) refers to stm32f4xx_rcc.o(.text) for RCC_AHB1PeriphClockCmd
    key.o(.text) refers to stm32f4xx_gpio.o(.text) for GPIO_Init
    key.o(.text) refers to hhdxmsg.o(.text) for HHDX_AnalyseJsonValue
    key.o(.text) refers to __2printf.o(.text) for __2printf
    key.o(.text) refers to net_rxtx.o(.text) for NET_VariateInit
    key.o(.text) refers to lwip_comm.o(.text) for lwip_comm_init
    key.o(.text) refers to key.o(.data) for .data
    key.o(.text) refers to timer.o(.data) for gpsT3
    key.o(.text) refers to net_rxtx.o(.data) for gsNetFlag
    led.o(.text) refers to stm32f4xx_rcc.o(.text) for RCC_AHB1PeriphClockCmd
    led.o(.text) refers to stm32f4xx_gpio.o(.text) for GPIO_Init
    timer.o(.text) refers to stm32f4xx_rcc.o(.text) for RCC_APB1PeriphClockCmd
    timer.o(.text) refers to stm32f4xx_tim.o(.text) for TIM_TimeBaseInit
    timer.o(.text) refers to misc.o(.text) for NVIC_Init
    timer.o(.text) refers to sipmsgbuilding.o(.text) for BUILD_port_request
    timer.o(.text) refers to __2printf.o(.text) for __2printf
    timer.o(.text) refers to lwip_comm.o(.data) for lwip_localtime
    timer.o(.text) refers to timer.o(.data) for .data
    timer.o(.text) refers to sipmain.o(.data) for gpsUaInfo
    timer.o(.text) refers to sipmsganalysis.o(.data) for gsSipTxFlag
    lan8720.o(.text) refers to stm32f4xx_rcc.o(.text) for RCC_AHB1PeriphClockCmd
    lan8720.o(.text) refers to stm32f4x7_eth.o(.text) for ETH_DeInit
    lan8720.o(.text) refers to stm32f4xx_syscfg.o(.text) for SYSCFG_ETH_MediaInterfaceConfig
    lan8720.o(.text) refers to stm32f4xx_gpio.o(.text) for GPIO_Init
    lan8720.o(.text) refers to delay.o(.text) for delay_ms
    lan8720.o(.text) refers to misc.o(.text) for NVIC_Init
    lan8720.o(.text) refers to lwip_comm.o(.text) for lwip_pkt_handle
    lan8720.o(.text) refers to malloc.o(.text) for myfree
    lan8720.o(.text) refers to stm32f4x7_eth.o(.data) for DMARxDescToGet
    lan8720.o(.text) refers to lan8720.o(.data) for .data
    i2s.o(.text) refers to stm32f4xx_rcc.o(.text) for RCC_APB1PeriphClockCmd
    i2s.o(.text) refers to stm32f4xx_spi.o(.text) for I2S_Init
    i2s.o(.text) refers to stm32f4xx_dma.o(.text) for DMA_DeInit
    i2s.o(.text) refers to misc.o(.text) for NVIC_Init
    i2s.o(.text) refers to i2s.o(.constdata) for .constdata
    i2s.o(.text) refers to i2s.o(.data) for .data
    myiic.o(.text) refers to stm32f4xx_rcc.o(.text) for RCC_AHB1PeriphClockCmd
    myiic.o(.text) refers to stm32f4xx_gpio.o(.text) for GPIO_Init
    myiic.o(.text) refers to delay.o(.text) for delay_us
    wm8978.o(.text) refers to myiic.o(.text) for IIC_Start
    wm8978.o(.text) refers to stm32f4xx_rcc.o(.text) for RCC_AHB1PeriphClockCmd
    wm8978.o(.text) refers to stm32f4xx_gpio.o(.text) for GPIO_Init
[...]
    DMA_GetFlagStatus                        0x08003ed5   Thumb Code    42  stm32f4xx_dma.o(.text)
    DMA_ClearFlag                            0x08003eff   Thumb Code    34  stm32f4xx_dma.o(.text)
    DMA_ITConfig                             0x08003f21   Thumb Code    44  stm32f4xx_dma.o(.text)
    DMA_GetITStatus                          0x08003f4d   Thumb Code    70  stm32f4xx_dma.o(.text)
    DMA_ClearITPendingBit                    0x08003f93   Thumb Code    34  stm32f4xx_dma.o(.text)
    SPI_I2S_DeInit                           0x08003fd5   Thumb Code   108  stm32f4xx_spi.o(.text)
    SPI_Init                                 0x08004041   Thumb Code    56  stm32f4xx_spi.o(.text)
    I2S_Init                                 0x08004079   Thumb Code   198  stm32f4xx_spi.o(.text)
    SPI_StructInit                           0x0800413f   Thumb Code    24  stm32f4xx_spi.o(.text)
    I2S_StructInit                           0x08004157   Thumb Code    18  stm32f4xx_spi.o(.text)
    SPI_Cmd                                  0x08004169   Thumb Code    20  stm32f4xx_spi.o(.text)
    I2S_Cmd                                  0x0800417d   Thumb Code    20  stm32f4xx_spi.o(.text)
    SPI_DataSizeConfig                       0x08004191   Thumb Code    16  stm32f4xx_spi.o(.text)
    SPI_BiDirectionalLineConfig              0x080041a1   Thumb Code    22  stm32f4xx_spi.o(.text)
    SPI_NSSInternalSoftwareConfig            0x080041b7   Thumb Code    24  stm32f4xx_spi.o(.text)
    SPI_SSOutputCmd                          0x080041cf   Thumb Code    20  stm32f4xx_spi.o(.text)
    SPI_TIModeCmd                            0x080041e3   Thumb Code    20  stm32f4xx_spi.o(.text)
    I2S_FullDuplexConfig                     0x080041f7   Thumb Code    58  stm32f4xx_spi.o(.text)
    SPI_I2S_ReceiveData                      0x08004231   Thumb Code     4  stm32f4xx_spi.o(.text)
    SPI_I2S_SendData                         0x08004235   Thumb Code     4  stm32f4xx_spi.o(.text)
    SPI_CalculateCRC                         0x08004239   Thumb Code    20  stm32f4xx_spi.o(.text)
    SPI_TransmitCRC                          0x0800424d   Thumb Code    10  stm32f4xx_spi.o(.text)
    SPI_GetCRC                               0x08004257   Thumb Code    12  stm32f4xx_spi.o(.text)
    SPI_GetCRCPolynomial                     0x08004263   Thumb Code     4  stm32f4xx_spi.o(.text)
    SPI_I2S_DMACmd                           0x08004267   Thumb Code    16  stm32f4xx_spi.o(.text)
    SPI_I2S_ITConfig                         0x08004277   Thumb Code    24  stm32f4xx_spi.o(.text)
    SPI_I2S_GetFlagStatus                    0x0800428f   Thumb Code    14  stm32f4xx_spi.o(.text)
    SPI_I2S_ClearFlag                        0x0800429d   Thumb Code     6  stm32f4xx_spi.o(.text)
    SPI_I2S_GetITStatus                      0x080042a3   Thumb Code    44  stm32f4xx_spi.o(.text)
    SPI_I2S_ClearITPendingBit                0x080042cf   Thumb Code    14  stm32f4xx_spi.o(.text)
    delay_init                               0x08004301   Thumb Code    38  delay.o(.text)
    delay_us                                 0x08004327   Thumb Code    46  delay.o(.text)
    delay_xms                                0x08004355   Thumb Code    46  delay.o(.text)
    delay_ms                                 0x08004383   Thumb Code    46  delay.o(.text)
    _sys_exit                                0x080043b5   Thumb Code     2  usart.o(.text)
    fputc                                    0x080043b7   Thumb Code    14  usart.o(.text)
    uart_init                                0x080043c5   Thumb Code   172  usart.o(.text)
    USART1_IRQHandler                        0x08004471   Thumb Code    78  usart.o(.text)
    lwip_comm_mem_free                       0x080044d1   Thumb Code    26  lwip_comm.o(.text)
    lwip_comm_mem_malloc                     0x080044eb   Thumb Code    50  lwip_comm.o(.text)
    lwip_comm_default_ip_set                 0x0800451d   Thumb Code   100  lwip_comm.o(.text)
    lwip_comm_init                           0x08004581   Thumb Code   184  lwip_comm.o(.text)
    lwip_pkt_handle                          0x08004639   Thumb Code     8  lwip_comm.o(.text)
    lwip_periodic_handle                     0x08004641   Thumb Code    46  lwip_comm.o(.text)
    LWIP_NetConfigUpdate                     0x0800466f   Thumb Code   202  lwip_comm.o(.text)
    etharp_tmr                               0x08004871   Thumb Code    66  etharp.o(.text)
    etharp_cleanup_netif                     0x08004ad3   Thumb Code    42  etharp.o(.text)
    etharp_find_addr                         0x08004afd   Thumb Code    74  etharp.o(.text)
    etharp_request                           0x08004e6b   Thumb Code    32  etharp.o(.text)
    etharp_query                             0x08004edf   Thumb Code   298  etharp.o(.text)
    etharp_output                            0x08005009   Thumb Code   306  etharp.o(.text)
    ethernet_input                           0x0800513b   Thumb Code   414  etharp.o(.text)
    ethernetif_input                         0x0800530d   Thumb Code   116  ethernetif.o(.text)
    ethernetif_init                          0x08005381   Thumb Code    48  ethernetif.o(.text)
    icmp_input                               0x080054b5   Thumb Code   310  icmp.o(.text)
    icmp_dest_unreach                        0x08005663   Thumb Code     6  icmp.o(.text)
    icmp_time_exceeded                       0x08005669   Thumb Code     6  icmp.o(.text)
    inet_chksum_pseudo                       0x0800583b   Thumb Code   136  inet_chksum.o(.text)
    inet_chksum_pseudo_partial               0x080058c3   Thumb Code   178  inet_chksum.o(.text)
    inet_chksum                              0x08005975   Thumb Code    12  inet_chksum.o(.text)
    inet_chksum_pbuf                         0x08005981   Thumb Code    72  inet_chksum.o(.text)
    ip_route                                 0x08005a31   Thumb Code    54  ip.o(.text)
    ip_input                                 0x08005a67   Thumb Code   326  ip.o(.text)
    ip_output_if                             0x08005bad   Thumb Code   212  ip.o(.text)
    ip_output                                0x08005c81   Thumb Code    72  ip.o(.text)
    ip4_addr_isbroadcast                     0x08005d65   Thumb Code    46  ip_addr.o(.text)
    ip4_addr_netmask_valid                   0x08005d93   Thumb Code    38  ip_addr.o(.text)
    ipaddr_aton                              0x08005db9   Thumb Code   262  ip_addr.o(.text)
    ipaddr_addr                              0x08005ebf   Thumb Code    20  ip_addr.o(.text)
    ipaddr_ntoa_r                            0x08005ed3   Thumb Code   118  ip_addr.o(.text)
    ipaddr_ntoa                              0x08005f49   Thumb Code     6  ip_addr.o(.text)
    ip_reass_tmr                             0x080060b7   Thumb Code    40  ip_frag.o(.text)
    ip_reass                                 0x080062a5   Thumb Code   824  ip_frag.o(.text)
    ip_frag                                  0x08006629   Thumb Code   382  ip_frag.o(.text)
    lwip_htons                               0x080067e5   Thumb Code     4  def.o(.text)
    lwip_ntohs                               0x080067e9   Thumb Code     4  def.o(.text)
    lwip_htonl                               0x080067ed   Thumb Code     4  def.o(.text)
    lwip_ntohl                               0x080067f1   Thumb Code     4  def.o(.text)
    lwip_init                                0x080067f5   Thumb Code    30  init.o(.text)
    memp_get_memorysize                      0x08006815   Thumb Code     6  memp.o(.text)
    memp_init                                0x0800681b   Thumb Code    80  memp.o(.text)
    memp_malloc                              0x0800686b   Thumb Code    62  memp.o(.text)
    memp_free                                0x080068a9   Thumb Code    40  memp.o(.text)
    netif_init                               0x08006991   Thumb Code     2  netif.o(.text)
    netif_set_gw                             0x08006993   Thumb Code     8  netif.o(.text)
    netif_set_netmask                        0x0800699b   Thumb Code     8  netif.o(.text)
    netif_set_ipaddr                         0x080069a3   Thumb Code    96  netif.o(.text)
    netif_set_addr                           0x08006a03   Thumb Code    30  netif.o(.text)
    netif_add                                0x08006a21   Thumb Code    94  netif.o(.text)
    netif_set_default                        0x08006a7f   Thumb Code     6  netif.o(.text)
    netif_set_down                           0x08006a85   Thumb Code    26  netif.o(.text)
    netif_remove                             0x08006a9f   Thumb Code    68  netif.o(.text)
    netif_find                               0x08006ae3   Thumb Code    58  netif.o(.text)
    netif_set_up                             0x08006b1d   Thumb Code    32  netif.o(.text)
    netif_set_link_up                        0x08006b3d   Thumb Code    32  netif.o(.text)
    netif_set_link_down                      0x08006b5d   Thumb Code    18  netif.o(.text)
    pbuf_free                                0x08006be5   Thumb Code   170  pbuf.o(.text)
    pbuf_alloc                               0x08006c8f   Thumb Code   460  pbuf.o(.text)
    pbuf_alloced_custom                      0x08006e5b   Thumb Code   100  pbuf.o(.text)
    pbuf_realloc                             0x08006ebf   Thumb Code   186  pbuf.o(.text)
    pbuf_header                              0x08006f79   Thumb Code   806  pbuf.o(.text)
    pbuf_clen                                0x0800729f   Thumb Code    18  pbuf.o(.text)
    pbuf_ref                                 0x080072b1   Thumb Code    12  pbuf.o(.text)
    pbuf_cat                                 0x080072bd   Thumb Code   108  pbuf.o(.text)
    pbuf_chain                               0x08007329   Thumb Code    16  pbuf.o(.text)
    pbuf_dechain                             0x08007339   Thumb Code   102  pbuf.o(.text)
    pbuf_copy                                0x0800739f   Thumb Code   258  pbuf.o(.text)
    pbuf_copy_partial                        0x080074a1   Thumb Code   130  pbuf.o(.text)
    pbuf_take                                0x08007523   Thumb Code   146  pbuf.o(.text)
    pbuf_coalesce                            0x080075b5   Thumb Code    66  pbuf.o(.text)
    pbuf_get_at                              0x080075f7   Thumb Code    24  pbuf.o(.text)
    pbuf_memcmp                              0x0800760f   Thumb Code   646  pbuf.o(.text)
    pbuf_memfind                             0x08007895   Thumb Code    56  pbuf.o(.text)
    pbuf_strstr                              0x080078cd   Thumb Code    50  pbuf.o(.text)
    raw_input                                0x08007901   Thumb Code   104  raw.o(.text)
    raw_bind                                 0x08007969   Thumb Code    10  raw.o(.text)
    raw_connect                              0x08007973   Thumb Code    10  raw.o(.text)
    raw_recv                                 0x0800797d   Thumb Code     6  raw.o(.text)
    raw_sendto                               0x08007983   Thumb Code   160  raw.o(.text)
    raw_send                                 0x08007a23   Thumb Code     4  raw.o(.text)
    raw_remove                               0x08007a27   Thumb Code    40  raw.o(.text)
    raw_new                                  0x08007a4f   Thumb Code    38  raw.o(.text)
    tcp_init                                 0x08007af9   Thumb Code     2  tcp.o(.text)
    tcp_seg_free                             0x08007afb   Thumb Code    28  tcp.o(.text)
    tcp_segs_free                            0x08007b17   Thumb Code    18  tcp.o(.text)
    tcp_pcb_purge                            0x08007b29   Thumb Code    58  tcp.o(.text)
    tcp_slowtmr                              0x08007b63   Thumb Code   754  tcp.o(.text)
    tcp_pcb_remove                           0x08007e55   Thumb Code   126  tcp.o(.text)
    tcp_close                                0x08008201   Thumb Code    18  tcp.o(.text)
    tcp_update_rcv_ann_wnd                   0x08008213   Thumb Code    80  tcp.o(.text)
    tcp_recved                               0x08008263   Thumb Code   112  tcp.o(.text)
    tcp_recv_null                            0x080082d3   Thumb Code    34  tcp.o(.text)
    tcp_process_refused_data                 0x080082f5   Thumb Code   100  tcp.o(.text)
    tcp_fasttmr                              0x08008359   Thumb Code    88  tcp.o(.text)
    tcp_tmr                                  0x080083b1   Thumb Code    30  tcp.o(.text)
    tcp_shutdown                             0x080083cf   Thumb Code    76  tcp.o(.text)
    tcp_abandon                              0x0800841b   Thumb Code   162  tcp.o(.text)
    tcp_abort                                0x080084bd   Thumb Code     4  tcp.o(.text)
    tcp_bind                                 0x080085d5   Thumb Code   136  tcp.o(.text)
    tcp_listen_with_backlog                  0x08008663   Thumb Code   146  tcp.o(.text)
    tcp_eff_send_mss                         0x080086f5   Thumb Code    32  tcp.o(.text)
    tcp_next_iss                             0x08008715   Thumb Code    12  tcp.o(.text)
    tcp_connect                              0x08008721   Thumb Code   266  tcp.o(.text)
    tcp_setprio                              0x0800882b   Thumb Code     4  tcp.o(.text)
    tcp_alloc                                0x0800882f   Thumb Code   236  tcp.o(.text)
    tcp_new                                  0x0800891b   Thumb Code     4  tcp.o(.text)
    tcp_arg                                  0x0800891f   Thumb Code     4  tcp.o(.text)
    tcp_recv                                 0x08008923   Thumb Code    34  tcp.o(.text)
    tcp_sent                                 0x08008945   Thumb Code    34  tcp.o(.text)
    tcp_err                                  0x08008967   Thumb Code    36  tcp.o(.text)
    tcp_accept                               0x0800898b   Thumb Code     4  tcp.o(.text)
    tcp_poll                                 0x0800898f   Thumb Code    42  tcp.o(.text)
    tcp_debug_state_str                      0x080089b9   Thumb Code    10  tcp.o(.text)
    tcp_input                                0x080096b9   Thumb Code  1212  tcp_in.o(.text)
    tcp_enqueue_flags                        0x08009d1f   Thumb Code   286  tcp_out.o(.text)
    tcp_send_fin                             0x08009e3d   Thumb Code    68  tcp_out.o(.text)
    tcp_write                                0x08009f55   Thumb Code  1410  tcp_out.o(.text)
    tcp_send_empty_ack                       0x0800a4d7   Thumb Code    72  tcp_out.o(.text)
    tcp_output                               0x0800a72f   Thumb Code   440  tcp_out.o(.text)
    tcp_rst                                  0x0800a8e7   Thumb Code   144  tcp_out.o(.text)
    tcp_rexmit_rto                           0x0800a977   Thumb Code    44  tcp_out.o(.text)
    tcp_rexmit                               0x0800a9a3   Thumb Code    82  tcp_out.o(.text)
    tcp_rexmit_fast                          0x0800a9f5   Thumb Code    88  tcp_out.o(.text)
    tcp_keepalive                            0x0800aa4d   Thumb Code    60  tcp_out.o(.text)
    tcp_zero_window_probe                    0x0800aa89   Thumb Code   220  tcp_out.o(.text)
    sys_timeout                              0x0800ab65   Thumb Code   104  timers.o(.text)
    tcp_timer_needed                         0x0800abf3   Thumb Code    34  timers.o(.text)
    sys_timeouts_init                        0x0800ac3d   Thumb Code    36  timers.o(.text)
    sys_untimeout                            0x0800ac61   Thumb Code    68  timers.o(.text)
    sys_check_timeouts                       0x0800aca5   Thumb Code    74  timers.o(.text)
    sys_restart_timeouts                     0x0800acef   Thumb Code    12  timers.o(.text)
    udp_init                                 0x0800ada9   Thumb Code     2  udp.o(.text)
    udp_recv                                 0x0800adab   Thumb Code     6  udp.o(.text)
    udp_bind                                 0x0800adb1   Thumb Code   150  udp.o(.text)
    udp_connect                              0x0800ae47   Thumb Code    70  udp.o(.text)
    udp_input                                0x0800ae8d   Thumb Code   404  udp.o(.text)
    udp_sendto_if                            0x0800b021   Thumb Code   202  udp.o(.text)
    udp_sendto                               0x0800b0eb   Thumb Code    40  udp.o(.text)
    udp_send                                 0x0800b113   Thumb Code     6  udp.o(.text)
    udp_disconnect                           0x0800b119   Thumb Code    16  udp.o(.text)
    udp_remove                               0x0800b129   Thumb Code    40  udp.o(.text)
    udp_new                                  0x0800b151   Thumb Code    26  udp.o(.text)
    mem_init                                 0x0800b2fb   Thumb Code    44  mem.o(.text)
    mem_free                                 0x0800b327   Thumb Code   108  mem.o(.text)
    mem_trim                                 0x0800b393   Thumb Code   240  mem.o(.text)
    mem_malloc                               0x0800b483   Thumb Code   252  mem.o(.text)
    mem_calloc                               0x0800b57f   Thumb Code    26  mem.o(.text)
    sys_now                                  0x0800b791   Thumb Code     6  sys_arch.o(.text)
    mymemcpy                                 0x0800b79d   Thumb Code    16  malloc.o(.text)
    mymemset                                 0x0800b7ad   Thumb Code    12  malloc.o(.text)
    mymem_init                               0x0800b7b9   Thumb Code    52  malloc.o(.text)
    mem_perused                              0x0800b7ed   Thumb Code    48  malloc.o(.text)
    mymem_malloc                             0x0800b81d   Thumb Code   136  malloc.o(.text)
    mymem_free                               0x0800b8a5   Thumb Code    82  malloc.o(.text)
    myfree                                   0x0800b8f7   Thumb Code    18  malloc.o(.text)
    mymalloc                                 0x0800b909   Thumb Code    28  malloc.o(.text)
    myrealloc                                0x0800b925   Thumb Code    54  malloc.o(.text)
    NET_TxPcbLenWr                           0x0800b965   Thumb Code    36  net_rxtx.o(.text)
    NET_RxParse                              0x0800b989   Thumb Code    86  net_rxtx.o(.text)
    NET_UdpRx                                0x0800b9df   Thumb Code   244  net_rxtx.o(.text)
    NET_UdpTx                                0x0800bad3   Thumb Code    84  net_rxtx.o(.text)
    NET_MemFree                              0x0800bb27   Thumb Code    50  net_rxtx.o(.text)
    NET_MemMalloc                            0x0800bb59   Thumb Code   166  net_rxtx.o(.text)
    NET_VariateInit                          0x0800bbff   Thumb Code    56  net_rxtx.o(.text)
    NET_UdppcbConnect                        0x0800bc37   Thumb Code    66  net_rxtx.o(.text)
    NET_UdppcbNew                            0x0800bc79   Thumb Code    24  net_rxtx.o(.text)
    NET_udp_connection_close                 0x0800bc91   Thumb Code    26  net_rxtx.o(.text)
    SDP_building                             0x0800bce5   Thumb Code    76  sdpmsgbuilding.o(.text)
    SIP_TxFlow                               0x0800bd7d   Thumb Code   308  sipmain.o(.text)
    SIP_date                                 0x0800beb1   Thumb Code    84  sipmain.o(.text)
    SIP_CountCallid                          0x0800bf05   Thumb Code   162  sipmain.o(.text)
    SIP_CountTag                             0x0800bfa7   Thumb Code    78  sipmain.o(.text)
    SIP_CountBranch                          0x0800bff5   Thumb Code    92  sipmain.o(.text)
    SIP_UainfoInit                           0x0800c051   Thumb Code   102  sipmain.o(.text)
    SIP_RegisterTx                           0x0800c0b7   Thumb Code    60  sipmain.o(.text)
    simple_atoi                              0x0800c131   Thumb Code    50  sipmsganalysis.o(.text)
    handle_server_response                   0x0800c163   Thumb Code    26  sipmsganalysis.o(.text)
    parse_port_response                      0x0800c17d   Thumb Code    92  sipmsganalysis.o(.text)
    parse_port_verify_response               0x0800c1d9   Thumb Code    48  sipmsganalysis.o(.text)
    parse_file_transfer_response             0x0800c209   Thumb Code    24  sipmsganalysis.o(.text)
    ANALYSIS_get_lname                       0x0800c221   Thumb Code   138  sipmsganalysis.o(.text)
    ANALYSIS_line                            0x0800c2ab   Thumb Code   106  sipmsganalysis.o(.text)
    ANALYSIS_cseq_type                       0x0800c315   Thumb Code   182  sipmsganalysis.o(.text)
    ANALYSIS_cseq                            0x0800c3cb   Thumb Code   104  sipmsganalysis.o(.text)
    ANALYSIS_get_msgname                     0x0800c433   Thumb Code   212  sipmsganalysis.o(.text)
    ANALYSIS_msghdr                          0x0800c507   Thumb Code   778  sipmsganalysis.o(.text)
    ANALYSIS_message                         0x0800c811   Thumb Code   106  sipmsganalysis.o(.text)
    ANALYSIS_sdp                             0x0800c87b   Thumb Code   176  sipmsganalysis.o(.text)
    ANALYSIS_get_cseq                        0x0800c92b   Thumb Code    92  sipmsganalysis.o(.text)
    ANALYSIS_line_to_msg                     0x0800c987   Thumb Code   242  sipmsganalysis.o(.text)
    ANALYSIS_RxParamInit                     0x0800ca79   Thumb Code    42  sipmsganalysis.o(.text)
    MISC_uint16_bit_0                        0x0800cac9   Thumb Code    46  strint.o(.text)
    MymallocCopy                             0x0800caf7   Thumb Code    36  strint.o(.text)
    Int2String                               0x0800cb1b   Thumb Code    74  strint.o(.text)
    String2Int                               0x0800cb65   Thumb Code    92  strint.o(.text)
    Hex2Asc                                  0x0800cbc1   Thumb Code   116  strint.o(.text)
    IpInt2Str                                0x0800cc35   Thumb Code    96  strint.o(.text)
    Str2IpArray                              0x0800cc95   Thumb Code   114  strint.o(.text)
    BUILD_DIAL_DTMF                          0x0800cd29   Thumb Code    46  sipmsgbuilding.o(.text)
    SEND_CID_JSON                            0x0800cd57   Thumb Code   132  sipmsgbuilding.o(.text)
    BUILD_CID_start                          0x0800cddb   Thumb Code   108  sipmsgbuilding.o(.text)
    BUILD_CID_stop                           0x0800ce47   Thumb Code    44  sipmsgbuilding.o(.text)
    BUILD_CID_offhook                        0x0800ce73   Thumb Code    46  sipmsgbuilding.o(.text)
    BUILD_register                           0x0800cea1   Thumb Code   252  sipmsgbuilding.o(.text)
    BUILD_invite                             0x0800cf9d   Thumb Code   358  sipmsgbuilding.o(.text)
    BUILD_cancel                             0x0800d103   Thumb Code   874  sipmsgbuilding.o(.text)
    BUILD_ack                                0x0800d46d   Thumb Code   200  sipmsgbuilding.o(.text)
    BUILD_bye                                0x0800d535   Thumb Code   198  sipmsgbuilding.o(.text)
    BUILD_trying                             0x0800d5fb   Thumb Code   178  sipmsgbuilding.o(.text)
    BUILD_ringing                            0x0800d6ad   Thumb Code   460  sipmsgbuilding.o(.text)
    BUILD_invite_ok                          0x0800d879   Thumb Code   318  sipmsgbuilding.o(.text)
    BUILD_bye_cancel_ok                      0x0800d9b7   Thumb Code   178  sipmsgbuilding.o(.text)
    BUILD_487                                0x0800da69   Thumb Code   194  sipmsgbuilding.o(.text)
    BUILD_port_request                       0x0800db2b   Thumb Code    64  sipmsgbuilding.o(.text)
    BUILD_port_verify                        0x0800db6b   Thumb Code    50  sipmsgbuilding.o(.text)
    BUILD_file_start                         0x0800db9d   Thumb Code    52  sipmsgbuilding.o(.text)
    BUILD_file_data                          0x0800dbd1   Thumb Code    70  sipmsgbuilding.o(.text)
    BUILD_file_end                           0x0800dc17   Thumb Code    52  sipmsgbuilding.o(.text)
    transfer_recording_file                  0x0800dc4b   Thumb Code   504  sipmsgbuilding.o(.text)
    init_dynamic_port_negotiation            0x0800de43   Thumb Code    30  sipmsgbuilding.o(.text)
    TEL_HandfreeSPK_off                      0x0800df3d   Thumb Code     8  tel_func.o(.text)
    TEL_OffInit                              0x0800df45   Thumb Code    52  tel_func.o(.text)
    TEL_OnOffFunc                            0x0800df79   Thumb Code   102  tel_func.o(.text)
    TEL_PinInit                              0x0800dfdf   Thumb Code   102  tel_func.o(.text)
    TEL_HandfreeSPK_on                       0x0800e045   Thumb Code     8  tel_func.o(.text)
    RTP_build                                0x0800e079   Thumb Code   174  rtp.o(.text)
    RTP_tx                                   0x0800e127   Thumb Code    74  rtp.o(.text)
    HHDX_Command                             0x0800e195   Thumb Code   102  hhdxmsg.o(.text)
    HHDX_ParamTxBuild                        0x0800e1fb   Thumb Code   264  hhdxmsg.o(.text)
    HHDX_FactoryReset                        0x0800e303   Thumb Code   100  hhdxmsg.o(.text)
    HHDX_VariateInit                         0x0800e367   Thumb Code    12  hhdxmsg.o(.text)
    HHDX_AnalyseJsonValue                    0x0800e373   Thumb Code   276  hhdxmsg.o(.text)
    HHDX_GetFieldValue                       0x0800e487   Thumb Code    66  hhdxmsg.o(.text)
    HHDX_ParamRx                             0x0800e4c9   Thumb Code   752  hhdxmsg.o(.text)
    HHDX_FuncRx                              0x0800e7b9   Thumb Code    48  hhdxmsg.o(.text)
    HHDX_AnalyseJsonName                     0x0800e7e9   Thumb Code    54  hhdxmsg.o(.text)
    HHDX_GetFieldName                        0x0800e81f   Thumb Code    72  hhdxmsg.o(.text)
    HHDX_DivideJson                          0x0800e867   Thumb Code   114  hhdxmsg.o(.text)
    AUDIO_recfill                            0x0800e909   Thumb Code    48  audio.o(.text)
    AUDIO_i2s_dma_rx_callback                0x0800e939   Thumb Code    22  audio.o(.text)
    AUDIO_playfill                           0x0800e94f   Thumb Code   118  audio.o(.text)
    AUDIO_ringfill                           0x0800e9c5   Thumb Code   128  audio.o(.text)
    AUDIO_i2s_dma_tx_callback                0x0800ea45   Thumb Code    36  audio.o(.text)
    AUDIO_Init                               0x0800ea69   Thumb Code   146  audio.o(.text)
    AUDIO_rec_mode                           0x0800eafb   Thumb Code    28  audio.o(.text)
    AUDIO_play_mode                          0x0800eb17   Thumb Code     4  audio.o(.text)
    AUDIO_stop_mode                          0x0800eb1b   Thumb Code    14  audio.o(.text)
    USART3_Init                              0x0800eb51   Thumb Code   198  usart3_fsk.o(.text)
    USART3_IRQHandler                        0x0800ec17   Thumb Code    72  usart3_fsk.o(.text)
    FSK_parse                                0x0800ec5f   Thumb Code   418  usart3_fsk.o(.text)
    FSK_RTP_stop                             0x0800ee01   Thumb Code    28  usart3_fsk.o(.text)
    FSK_ringing                              0x0800ee1d   Thumb Code   158  usart3_fsk.o(.text)
    CID_print                                0x0800eebb   Thumb Code     2  usart3_fsk.o(.text)
    usmart_strcasecmp                        0x0800ef21   Thumb Code    86  usmart.o(.text)
    usmart_sys_cmd_exe                       0x0800ef77   Thumb Code  2926  usmart.o(.text)
    usmart_reset_runtime                     0x0800fae5   Thumb Code    36  usmart.o(.text)
    usmart_get_runtime                       0x0800fb09   Thumb Code    38  usmart.o(.text)
    TIM4_IRQHandler                          0x0800fb2f   Thumb Code    44  usmart.o(.text)
    Timer4_Init                              0x0800fb5b   Thumb Code    76  usmart.o(.text)
    usmart_init                              0x0800fba7   Thumb Code    44  usmart.o(.text)
    usmart_cmd_rec                           0x0800fbd3   Thumb Code   144  usmart.o(.text)
    usmart_exe                               0x0800fc63   Thumb Code   680  usmart.o(.text)
    usmart_scan                              0x0800ff0b   Thumb Code    92  usmart.o(.text)
    read_addr                                0x0800ff67   Thumb Code     4  usmart.o(.text)
    write_addr                               0x0800ff6b   Thumb Code     4  usmart.o(.text)
    usmart_strcmp                            0x0800ffe9   Thumb Code    24  usmart_str.o(.text)
    usmart_strcopy                           0x08010001   Thumb Code    18  usmart_str.o(.text)
    usmart_strlen                            0x08010013   Thumb Code    18  usmart_str.o(.text)
    usmart_pow                               0x08010025   Thumb Code    16  usmart_str.o(.text)
    usmart_str2num                           0x08010035   Thumb Code   158  usmart_str.o(.text)
    usmart_get_cmdname                       0x080100d3   Thumb Code    46  usmart_str.o(.text)
    usmart_search_nextc                      0x08010101   Thumb Code    16  usmart_str.o(.text)
    usmart_get_fname                         0x08010111   Thumb Code   356  usmart_str.o(.text)
    usmart_get_ipparm                        0x08010275   Thumb Code    44  usmart_str.o(.text)
    usmart_get_aparm                         0x080102a1   Thumb Code   156  usmart_str.o(.text)
    usmart_get_parmpos                       0x0801033d   Thumb Code    30  usmart_str.o(.text)
    usmart_get_fparam                        0x0801035b   Thumb Code   206  usmart_str.o(.text)
    __use_no_semihosting                     0x08010435   Thumb Code     2  use_no_semi_2.o(.text)
    __2printf                                0x08010439   Thumb Code    20  __2printf.o(.text)
    __2sprintf                               0x08010451   Thumb Code    38  __2sprintf.o(.text)
    _printf_pre_padding                      0x0801047d   Thumb Code    44  _printf_pad.o(.text)
    _printf_post_padding                     0x080104a9   Thumb Code    34  _printf_pad.o(.text)
    _printf_str                              0x080104cb   Thumb Code    82  _printf_str.o(.text)
    _printf_int_dec                          0x0801051d   Thumb Code   104  _printf_dec.o(.text)
    _printf_int_hex                          0x08010595   Thumb Code    84  _printf_hex_int.o(.text)
    _printf_longlong_hex                     0x08010595   Thumb Code     0  _printf_hex_int.o(.text)
    __printf                                 0x080105ed   Thumb Code   388  __printf_flags_ss_wp.o(.text)
    strchr                                   0x08010775   Thumb Code    20  strchr.o(.text)
    strstr                                   0x08010789   Thumb Code    36  strstr.o(.text)
    memcmp                                   0x080107ad   Thumb Code    88  memcmp.o(.text)
    strcpy                                   0x08010805   Thumb Code    72  strcpy.o(.text)
    strlen                                   0x0801084d   Thumb Code    62  strlen.o(.text)
    strcat                                   0x0801088b   Thumb Code    24  strcat.o(.text)
    __aeabi_memcpy                           0x080108a3   Thumb Code     0  rt_memcpy_v6.o(.text)
    __rt_memcpy                              0x080108a3   Thumb Code   138  rt_memcpy_v6.o(.text)
    _memcpy_lastbytes                        0x08010909   Thumb Code     0  rt_memcpy_v6.o(.text)
    __aeabi_memcpy4                          0x0801092d   Thumb Code     0  rt_memcpy_w.o(.text)
    __aeabi_memcpy8                          0x0801092d   Thumb Code     0  rt_memcpy_w.o(.text)
    __rt_memcpy_w                            0x0801092d   Thumb Code   100  rt_memcpy_w.o(.text)
    _memcpy_lastbytes_aligned                0x08010975   Thumb Code     0  rt_memcpy_w.o(.text)
    __aeabi_memclr                           0x08010991   Thumb Code     0  rt_memclr.o(.text)
    __rt_memclr                              0x08010991   Thumb Code    68  rt_memclr.o(.text)
    _memset                                  0x08010995   Thumb Code     0  rt_memclr.o(.text)
    __aeabi_memclr4                          0x080109d5   Thumb Code     0  rt_memclr_w.o(.text)
    __aeabi_memclr8                          0x080109d5   Thumb Code     0  rt_memclr_w.o(.text)
    __rt_memclr_w                            0x080109d5   Thumb Code    78  rt_memclr_w.o(.text)
    _memset_w                                0x080109d9   Thumb Code     0  rt_memclr_w.o(.text)
    strncpy                                  0x08010a23   Thumb Code    86  strncpy.o(.text)
    strcmp                                   0x08010a79   Thumb Code   128  strcmpv7m.o(.text)
    __use_two_region_memory                  0x08010af9   Thumb Code     2  heapauxi.o(.text)
    __rt_heap_escrow$2region                 0x08010afb   Thumb Code     2  heapauxi.o(.text)
    __rt_heap_expand$2region                 0x08010afd   Thumb Code     2  heapauxi.o(.text)
    __I$use$semihosting                      0x08010aff   Thumb Code     0  use_no_semi.o(.text)
    __use_no_semihosting_swi                 0x08010aff   Thumb Code     2  use_no_semi.o(.text)
    __read_errno                             0x08010b01   Thumb Code    10  _rserrno.o(.text)
    __set_errno                              0x08010b0b   Thumb Code    12  _rserrno.o(.text)
    _printf_int_common                       0x08010b17   Thumb Code   178  _printf_intcommon.o(.text)
    _printf_char_common                      0x08010bd3   Thumb Code    32  _printf_char_common.o(.text)
    _sputc                                   0x08010bf9   Thumb Code    10  _sputc.o(.text)
    _printf_cs_common                        0x08010c03   Thumb Code    20  _printf_char.o(.text)
    _printf_char                             0x08010c17   Thumb Code    16  _printf_char.o(.text)
    _printf_string                           0x08010c27   Thumb Code     8  _printf_char.o(.text)
    _printf_char_file                        0x08010c31   Thumb Code    32  _printf_char_file.o(.text)
    __aeabi_errno_addr                       0x08010c55   Thumb Code     8  rt_errno_addr_intlibspace.o(.text)
    __errno$intlibspace                      0x08010c55   Thumb Code     0  rt_errno_addr_intlibspace.o(.text)
    __rt_errno_addr$intlibspace              0x08010c55   Thumb Code     0  rt_errno_addr_intlibspace.o(.text)
    ferror                                   0x08010c5d   Thumb Code     8  ferror.o(.text)
    __user_libspace                          0x08010c65   Thumb Code     8  libspace.o(.text)
    __user_perproc_libspace                  0x08010c65   Thumb Code     0  libspace.o(.text)
    __user_perthread_libspace                0x08010c65   Thumb Code     0  libspace.o(.text)
    __user_setup_stackheap                   0x08010c6d   Thumb Code    74  sys_stackheap_outer.o(.text)
    exit                                     0x08010cb7   Thumb Code    18  exit.o(.text)
    __ARM_fpclassify                         0x08010cc9   Thumb Code    48  fpclassify.o(i.__ARM_fpclassify)
    __hardfp_pow                             0x08010cf9   Thumb Code  3072  pow.o(i.__hardfp_pow)
    __kernel_poly                            0x08011949   Thumb Code   248  poly.o(i.__kernel_poly)
    __mathlib_dbl_divzero                    0x08011a41   Thumb Code    28  dunder.o(i.__mathlib_dbl_divzero)
    __mathlib_dbl_infnan2                    0x08011a71   Thumb Code    20  dunder.o(i.__mathlib_dbl_infnan2)
    __mathlib_dbl_invalid                    0x08011a89   Thumb Code    24  dunder.o(i.__mathlib_dbl_invalid)
    __mathlib_dbl_overflow                   0x08011aa9   Thumb Code    24  dunder.o(i.__mathlib_dbl_overflow)
    __mathlib_dbl_underflow                  0x08011ac9   Thumb Code    24  dunder.o(i.__mathlib_dbl_underflow)
    _is_digit                                0x08011ae9   Thumb Code    14  __printf_wp.o(i._is_digit)
    fabs                                     0x08011af7   Thumb Code    24  fabs.o(i.fabs)
    sqrt                                     0x08011b0f   Thumb Code   110  sqrt.o(i.sqrt)
    __aeabi_dneg                             0x08011b7d   Thumb Code     0  basic.o(x$fpl$basic)
    _dneg                                    0x08011b7d   Thumb Code     6  basic.o(x$fpl$basic)
    __aeabi_fneg                             0x08011b83   Thumb Code     0  basic.o(x$fpl$basic)
    _fneg                                    0x08011b83   Thumb Code     6  basic.o(x$fpl$basic)
    _dabs                                    0x08011b89   Thumb Code     6  basic.o(x$fpl$basic)
    _fabs                                    0x08011b8f   Thumb Code     6  basic.o(x$fpl$basic)
    __aeabi_dadd                             0x08011b95   Thumb Code     0  daddsub_clz.o(x$fpl$dadd)
    _dadd                                    0x08011b95   Thumb Code   332  daddsub_clz.o(x$fpl$dadd)
    __fpl_dcheck_NaN1                        0x08011ce5   Thumb Code    10  dcheck1.o(x$fpl$dcheck1)
    __fpl_dcmp_Inf                           0x08011cf5   Thumb Code    24  dcmpi.o(x$fpl$dcmpinf)
    __aeabi_ddiv                             0x08011d0d   Thumb Code     0  ddiv.o(x$fpl$ddiv)
    _ddiv                                    0x08011d0d   Thumb Code   552  ddiv.o(x$fpl$ddiv)
    __aeabi_d2uiz                            0x08011fbd   Thumb Code     0  dfixu.o(x$fpl$dfixu)
    _dfixu                                   0x08011fbd   Thumb Code    90  dfixu.o(x$fpl$dfixu)
    __aeabi_i2d                              0x08012017   Thumb Code     0  dflt_clz.o(x$fpl$dflt)
    _dflt                                    0x08012017   Thumb Code    46  dflt_clz.o(x$fpl$dflt)
    __aeabi_cdcmple                          0x08012045   Thumb Code     0  dleqf.o(x$fpl$dleqf)
    _dcmple                                  0x08012045   Thumb Code   120  dleqf.o(x$fpl$dleqf)
    __fpl_dcmple_InfNaN                      0x080120a7   Thumb Code     0  dleqf.o(x$fpl$dleqf)
    __aeabi_dmul                             0x080120bd   Thumb Code     0  dmul.o(x$fpl$dmul)
    _dmul                                    0x080120bd   Thumb Code   332  dmul.o(x$fpl$dmul)
    __fpl_dnaninf                            0x08012211   Thumb Code   156  dnaninf.o(x$fpl$dnaninf)
    __fpl_dretinf                            0x080122ad   Thumb Code    12  dretinf.o(x$fpl$dretinf)
    __aeabi_cdrcmple                         0x080122b9   Thumb Code     0  drleqf.o(x$fpl$drleqf)
    _drcmple                                 0x080122b9   Thumb Code   108  drleqf.o(x$fpl$drleqf)
    __aeabi_drsub                            0x08012325   Thumb Code     0  daddsub_clz.o(x$fpl$drsb)
    _drsb                                    0x08012325   Thumb Code    22  daddsub_clz.o(x$fpl$drsb)
    _dsqrt                                   0x0801233d   Thumb Code   404  dsqrt_umaal.o(x$fpl$dsqrt)
    __aeabi_dsub                             0x080124d5   Thumb Code     0  daddsub_clz.o(x$fpl$dsub)
    _dsub                                    0x080124d5   Thumb Code   464  daddsub_clz.o(x$fpl$dsub)
    _fp_init                                 0x080126a9   Thumb Code    10  fpinit.o(x$fpl$fpinit)
    __fplib_config_fpu_vfp                   0x080126b1   Thumb Code     0  fpinit.o(x$fpl$fpinit)
    __fplib_config_pureend_doubles           0x080126b1   Thumb Code     0  fpinit.o(x$fpl$fpinit)
    __fpl_return_NaN                         0x080126b3   Thumb Code   100  retnan.o(x$fpl$retnan)
    __ARM_scalbn                             0x08012717   Thumb Code    92  scalbn.o(x$fpl$scalbn)
    __fpl_cmpreturn                          0x08012773   Thumb Code    48  trapv.o(x$fpl$trapveneer)
    I2S_PSC_TBL                              0x080127a2   Data         110  i2s.o(.constdata)
    __I$use$fp                               0x080127a2   Number         0  usenofp.o(x$fpl$usenofp)
    ethbroadcast                             0x08012810   Data           6  etharp.o(.constdata)
    ethzero                                  0x08012816   Data           6  etharp.o(.constdata)
    ip_addr_any                              0x0801281c   Data           4  ip_addr.o(.constdata)
    tcp_persist_backoff                      0x08012848   Data           7  tcp.o(.constdata)
    tcp_state_str                            0x08012850   Data          44  tcp.o(.constdata)
    tcp_backoff                              0x0801287c   Data          13  tcp.o(.constdata)
    tcp_pcb_lists                            0x0801288c   Data          16  tcp.o(.constdata)
    memtblsize                               0x0801289c   Data          12  malloc.o(.constdata)
    memblksize                               0x080128a8   Data          12  malloc.o(.constdata)
    memsize                                  0x080128b4   Data          12  malloc.o(.constdata)
    __mathlib_zero                           0x08012988   Data           8  qnan.o(.constdata)
    Region$$Table$$Base                      0x08012ec0   Number         0  anon$$obj.o(Region$$Table)
    Region$$Table$$Limit                     0x08012ee0   Number         0  anon$$obj.o(Region$$Table)
    mem3base                                 0x10000000   Data       61440  malloc.o(.ARM.__AT_0x10000000)
    mem3mapbase                              0x1000f000   Data        3840  malloc.o(.ARM.__AT_0x1000F000)
    SystemCoreClock                          0x20000004   Data           4  system_stm32f4xx.o(.data)
    AHBPrescTable                            0x20000008   Data          16  system_stm32f4xx.o(.data)
    gHandsetFlag                             0x2000001d   Data           1  key.o(.data)
    gHfFlag                                  0x2000001e   Data           1  key.o(.data)
    gpsT3                                    0x20000020   Data           4  timer.o(.data)
    DMARxDscrTab                             0x20000024   Data           4  lan8720.o(.data)
    DMATxDscrTab                             0x20000028   Data           4  lan8720.o(.data)
    Rx_Buff                                  0x2000002c   Data           4  lan8720.o(.data)
    Tx_Buff                                  0x20000030   Data           4  lan8720.o(.data)
    i2s_tx_callback                          0x20000034   Data           4  i2s.o(.data)
    i2s_rx_callback                          0x20000038   Data           4  i2s.o(.data)
    gEeprom_len                              0x200000b0   Data           1  24cxx.o(.data)
    gpsEeprom                                0x200000b4   Data           4  24cxx.o(.data)
    onhook_delay                             0x200000b8   Data           1  cw2015.o(.data)
    gsBatFlag                                0x200000ba   Data           1  cw2015.o(.data)
    gBatVal                                  0x200000bc   Data           4  cw2015.o(.data)
    gDtmfRxFlag0                             0x200000c0   Data           1  dtmf_rx.o(.data)
    gDtmfRxFlag1                             0x200000c1   Data           1  dtmf_rx.o(.data)
    DMATxDescToSet                           0x200000d4   Data           4  stm32f4x7_eth.o(.data)
    DMARxDescToGet                           0x200000d8   Data           4  stm32f4x7_eth.o(.data)
    DMA_RX_FRAME_infos                       0x200000dc   Data           4  stm32f4x7_eth.o(.data)
    USART_RX_STA                             0x200000e4   Data           2  usart.o(.data)
    __stdout                                 0x200000e8   Data           4  usart.o(.data)
    TCPTimer                                 0x200000ec   Data           4  lwip_comm.o(.data)
    ARPTimer                                 0x200000f0   Data           4  lwip_comm.o(.data)
    lwip_localtime                           0x200000f4   Data           4  lwip_comm.o(.data)
    current_netif                            0x20000100   Data           4  ip.o(.data)
    current_header                           0x20000104   Data           4  ip.o(.data)
    current_iphdr_src                        0x20000108   Data           4  ip.o(.data)
    current_iphdr_dest                       0x2000010c   Data           4  ip.o(.data)
    memp_memory                              0x20000118   Data           4  memp.o(.data)
    netif_list                               0x20000120   Data           4  netif.o(.data)
    netif_default                            0x20000124   Data           4  netif.o(.data)
    tcp_active_pcbs_changed                  0x2000012c   Data           1  tcp.o(.data)
    tcp_ticks                                0x20000138   Data           4  tcp.o(.data)
    tcp_bound_pcbs                           0x2000013c   Data           4  tcp.o(.data)
    tcp_listen_pcbs                          0x20000140   Data           4  tcp.o(.data)
    tcp_active_pcbs                          0x20000144   Data           4  tcp.o(.data)
    tcp_tw_pcbs                              0x20000148   Data           4  tcp.o(.data)
    tcp_tmp_pcb                              0x2000014c   Data           4  tcp.o(.data)
    tcp_input_pcb                            0x20000168   Data           4  tcp_in.o(.data)
    udp_pcbs                                 0x2000017c   Data           4  udp.o(.data)
    ram_heap                                 0x20000180   Data           4  mem.o(.data)
    mallco_dev                               0x20000190   Data          36  malloc.o(.data)
    gsNetFlag                                0x200001b4   Data           1  net_rxtx.o(.data)
    gTempPointer                             0x200001b8   Data           4  net_rxtx.o(.data)
    gpNetRxBuf                               0x200001bc   Data           4  net_rxtx.o(.data)
    gpNetTxBuf                               0x200001c0   Data           4  net_rxtx.o(.data)
    gpsNetRx                                 0x200001c4   Data           4  net_rxtx.o(.data)
    gpsNetTx                                 0x200001c8   Data           4  net_rxtx.o(.data)
    gTempChar                                0x200001cc   Data           1  net_rxtx.o(.data)
    gMswPort                                 0x200001d0   Data           4  net_rxtx.o(.data)
    gSipMechanism                            0x200001d4   Data           1  sipmain.o(.data)
    gSipTxFlow                               0x200001d5   Data           1  sipmain.o(.data)
    gSipRamdom1                              0x200001d8   Data           4  sipmain.o(.data)
    gSipRamdom2                              0x200001dc   Data           4  sipmain.o(.data)
    gpsUaInfo                                0x200001e0   Data           4  sipmain.o(.data)
    gsDate                                   0x200001e4   Data           6  sipmain.o(.data)
    gsSipRxFlag                              0x200001ea   Data           2  sipmsganalysis.o(.data)
    gsSipTxFlag                              0x200001ec   Data           2  sipmsganalysis.o(.data)
    gpDeviceVer                              0x200001f4   Data           4  sipmsgbuilding.o(.data)
    gDialNumLen                              0x200001f8   Data           1  tel_func.o(.data)
    gsTelFlag                                0x200001f9   Data           1  tel_func.o(.data)
    gRtpRxNum                                0x200001fa   Data           1  rtp.o(.data)
    gRtpTxNum                                0x200001fb   Data           1  rtp.o(.data)
    gsHhdxFlag                               0x200001fc   Data           1  hhdxmsg.o(.data)
    gRingArr                                 0x20000208   Data        2608  audio.o(.data)
    gRingCount                               0x20000c38   Data           1  usart3_fsk.o(.data)
    gRingingLow_flag                         0x20000c39   Data           1  usart3_fsk.o(.data)
    gRingingHi_flag                          0x20000c3a   Data           1  usart3_fsk.o(.data)
    gsCidFlag                                0x20000c3b   Data           1  usart3_fsk.o(.data)
    gCidIndex                                0x20000c3c   Data           2  usart3_fsk.o(.data)
    sys_cmd_tab                              0x20000c40   Data          40  usmart.o(.data)
    usmart_nametab                           0x20000c68   Data          48  usmart_config.o(.data)
    usmart_dev                               0x20000c98   Data         244  usmart_config.o(.data)
    RX_Frame_Descriptor                      0x20000d8c   Data          12  stm32f4x7_eth.o(.bss)
    USART_RX_BUF                             0x20000d98   Data         200  usart.o(.bss)
    lwipdev                                  0x20000e60   Data          26  lwip_comm.o(.bss)
    lwip_netif                               0x20000e7c   Data          48  lwip_comm.o(.bss)
    mem1base                                 0x20000fbc   Data       81920  malloc.o(.bss)
    mem1mapbase                              0x20014fbc   Data        5120  malloc.o(.bss)
    gpsaUdppcb                               0x200163bc   Data          12  net_rxtx.o(.bss)
    gsMsg                                    0x200163c8   Data          64  sipmsganalysis.o(.bss)
    gsRtp                                    0x20016408   Data          12  rtp.o(.bss)
    gRtpTxBuf                                0x20016414   Data        1280  rtp.o(.bss)
    gRtpRxBuf                                0x20016914   Data        1376  rtp.o(.bss)
    gsAudio                                  0x20016e74   Data          18  audio.o(.bss)
    gCallerIDBuffer                          0x20016e86   Data         128  usart3_fsk.o(.bss)
    gFskCidBuf                               0x20016f06   Data          17  usart3_fsk.o(.bss)
    gFskOwnBuf                               0x20016f17   Data          17  usart3_fsk.o(.bss)
    __libspace_start                         0x20016f28   Data          96  libspace.o(.bss)
    __temporary_stack_top$libspace           0x20016f88   Data           0  libspace.o(.bss)
    mem2base                                 0x68000000   Data       204800  malloc.o(.ARM.__AT_0x68000000)
    mem2mapbase                              0x68032000   Data       12800  malloc.o(.ARM.__AT_0x68032000)



==============================================================================

Memory Map of the image

  Image Entry point : 0x08000189

  Load Region LR_IROM1 (Base: 0x08000000, Size: 0x00013c6c, Max: 0x00100000, ABSOLUTE, COMPRESSED[0x00013988])

    Execution Region ER_IROM1 (Exec base: 0x08000000, Load base: 0x08000000, Size: 0x00012ee0, Max: 0x00100000, ABSOLUTE)

    Exec Addr    Load Addr    Size         Type   Attr      Idx    E Section Name        Object

    0x08000000   0x08000000   0x00000188   Data   RO          811    RESET               startup_stm32f40_41xxx.o
    0x08000188   0x08000188   0x00000008   Code   RO         2324  * !!!main             c_w.l(__main.o)
    0x08000190   0x08000190   0x00000034   Code   RO         2601    !!!scatter          c_w.l(__scatter.o)
    0x080001c4   0x080001c4   0x00000064   Code   RO         2599    !!dclz77c           c_w.l(__dclz77c.o)
    0x08000228   0x08000228   0x0000001c   Code   RO         2603    !!handler_zi        c_w.l(__scatter_zi.o)
    0x08000244   0x08000244   0x00000000   Code   RO         2297    .ARM.Collect$$_printf_percent$$00000000  c_w.l(_printf_percent.o)
    0x08000244   0x08000244   0x00000006   Code   RO         2295    .ARM.Collect$$_printf_percent$$00000009  c_w.l(_printf_d.o)
    0x0800024a   0x0800024a   0x00000006   Code   RO         2296    .ARM.Collect$$_printf_percent$$0000000A  c_w.l(_printf_u.o)
    0x08000250   0x08000250   0x00000006   Code   RO         2294    .ARM.Collect$$_printf_percent$$0000000C  c_w.l(_printf_x.o)
    0x08000256   0x08000256   0x00000006   Code   RO         2292    .ARM.Collect$$_printf_percent$$00000013  c_w.l(_printf_c.o)
    0x0800025c   0x0800025c   0x00000006   Code   RO         2293    .ARM.Collect$$_printf_percent$$00000014  c_w.l(_printf_s.o)
    0x08000262   0x08000262   0x00000004   Code   RO         2365    .ARM.Collect$$_printf_percent$$00000017  c_w.l(_printf_percent_end.o)
    0x08000266   0x08000266   0x00000002   Code   RO         2470    .ARM.Collect$$libinit$$00000000  c_w.l(libinit.o)
    0x08000268   0x08000268   0x00000004   Code   RO         2477    .ARM.Collect$$libinit$$00000001  c_w.l(libinit2.o)
    0x0800026c   0x0800026c   0x00000000   Code   RO         2480    .ARM.Collect$$libinit$$00000004  c_w.l(libinit2.o)
    0x0800026c   0x0800026c   0x00000000   Code   RO         2483    .ARM.Collect$$libinit$$0000000A  c_w.l(libinit2.o)
    0x0800026c   0x0800026c   0x00000000   Code   RO         2485    .ARM.Collect$$libinit$$0000000C  c_w.l(libinit2.o)
    0x0800026c   0x0800026c   0x00000000   Code   RO         2487    .ARM.Collect$$libinit$$0000000E  c_w.l(libinit2.o)
    0x0800026c   0x0800026c   0x00000000   Code   RO         2490    .ARM.Collect$$libinit$$00000011  c_w.l(libinit2.o)
    0x0800026c   0x0800026c   0x00000000   Code   RO         2492    .ARM.Collect$$libinit$$00000013  c_w.l(libinit2.o)
    0x0800026c   0x0800026c   0x00000000   Code   RO         2494    .ARM.Collect$$libinit$$00000015  c_w.l(libinit2.o)
    0x0800026c   0x0800026c   0x00000000   Code   RO         2496    .ARM.Collect$$libinit$$00000017  c_w.l(libinit2.o)
    0x0800026c   0x0800026c   0x00000000   Code   RO         2498    .ARM.Collect$$libinit$$00000019  c_w.l(libinit2.o)
    0x0800026c   0x0800026c   0x00000000   Code   RO         2500    .ARM.Collect$$libinit$$0000001B  c_w.l(libinit2.o)
    0x0800026c   0x0800026c   0x00000000   Code   RO         2502    .ARM.Collect$$libinit$$0000001D  c_w.l(libinit2.o)
    0x0800026c   0x0800026c   0x00000000   Code   RO         2504    .ARM.Collect$$libinit$$0000001F  c_w.l(libinit2.o)
    0x0800026c   0x0800026c   0x00000000   Code   RO         2506    .ARM.Collect$$libinit$$00000021  c_w.l(libinit2.o)
    0x0800026c   0x0800026c   0x00000000   Code   RO         2508    .ARM.Collect$$libinit$$00000023  c_w.l(libinit2.o)
    0x0800026c   0x0800026c   0x00000000   Code   RO         2510    .ARM.Collect$$libinit$$00000025  c_w.l(libinit2.o)
    0x0800026c   0x0800026c   0x00000000   Code   RO         2514    .ARM.Collect$$libinit$$0000002C  c_w.l(libinit2.o)
    0x0800026c   0x0800026c   0x00000000   Code   RO         2516    .ARM.Collect$$libinit$$0000002E  c_w.l(libinit2.o)
    0x0800026c   0x0800026c   0x00000000   Code   RO         2518    .ARM.Collect$$libinit$$00000030  c_w.l(libinit2.o)
    0x0800026c   0x0800026c   0x00000000   Code   RO         2520    .ARM.Collect$$libinit$$00000032  c_w.l(libinit2.o)
    0x0800026c   0x0800026c   0x00000002   Code   RO         2521    .ARM.Collect$$libinit$$00000033  c_w.l(libinit2.o)
    0x0800026e   0x0800026e   0x00000002   Code   RO         2541    .ARM.Collect$$libshutdown$$00000000  c_w.l(libshutdown.o)
    0x08000270   0x08000270   0x00000000   Code   RO         2551    .ARM.Collect$$libshutdown$$00000002  c_w.l(libshutdown2.o)
    0x08000270   0x08000270   0x00000000   Code   RO         2553    .ARM.Collect$$libshutdown$$00000004  c_w.l(libshutdown2.o)
    0x08000270   0x08000270   0x00000000   Code   RO         2556    .ARM.Collect$$libshutdown$$00000007  c_w.l(libshutdown2.o)
    0x08000270   0x08000270   0x00000000   Code   RO         2559    .ARM.Collect$$libshutdown$$0000000A  c_w.l(libshutdown2.o)
    0x08000270   0x08000270   0x00000000   Code   RO         2561    .ARM.Collect$$libshutdown$$0000000C  c_w.l(libshutdown2.o)
    0x08000270   0x08000270   0x00000000   Code   RO         2564    .ARM.Collect$$libshutdown$$0000000F  c_w.l(libshutdown2.o)
    0x08000270   0x08000270   0x00000002   Code   RO         2565    .ARM.Collect$$libshutdown$$00000010  c_w.l(libshutdown2.o)
    0x08000272   0x08000272   0x00000000   Code   RO         2352    .ARM.Collect$$rtentry$$00000000  c_w.l(__rtentry.o)
    0x08000272   0x08000272   0x00000000   Code   RO         2425    .ARM.Collect$$rtentry$$00000002  c_w.l(__rtentry2.o)
    0x08000272   0x08000272   0x00000006   Code   RO         2437    .ARM.Collect$$rtentry$$00000004  c_w.l(__rtentry4.o)
    0x08000278   0x08000278   0x00000000   Code   RO         2427    .ARM.Collect$$rtentry$$00000009  c_w.l(__rtentry2.o)
    0x08000278   0x08000278   0x00000004   Code   RO         2428    .ARM.Collect$$rtentry$$0000000A  c_w.l(__rtentry2.o)
    0x0800027c   0x0800027c   0x00000000   Code   RO         2430    .ARM.Collect$$rtentry$$0000000C  c_w.l(__rtentry2.o)
    0x0800027c   0x0800027c   0x00000008   Code   RO         2431    .ARM.Collect$$rtentry$$0000000D  c_w.l(__rtentry2.o)
    0x08000284   0x08000284   0x00000002   Code   RO         2475    .ARM.Collect$$rtexit$$00000000  c_w.l(rtexit.o)
    0x08000286   0x08000286   0x00000000   Code   RO         2525    .ARM.Collect$$rtexit$$00000002  c_w.l(rtexit2.o)
    0x08000286   0x08000286   0x00000004   Code   RO         2526    .ARM.Collect$$rtexit$$00000003  c_w.l(rtexit2.o)
    0x0800028a   0x0800028a   0x00000006   Code   RO         2527    .ARM.Collect$$rtexit$$00000004  c_w.l(rtexit2.o)
    0x08000290   0x08000290   0x000002f4   Code   RO            3    .text               main.o
    0x08000584   0x08000584   0x00000012   Code   RO          292    .text               stm32f4xx_it.o
    0x08000596   0x08000596   0x00000002   PAD
    0x08000598   0x08000598   0x0000017c   Code   RO          408    .text               system_stm32f4xx.o
    0x08000714   0x08000714   0x000001a8   Code   RO          426    .text               key.o
    0x080008bc   0x080008bc   0x00000074   Code   RO          561    .text               led.o
    0x08000930   0x08000930   0x000001c8   Code   RO          576    .text               timer.o
    0x08000af8   0x08000af8   0x00000304   Code   RO          611    .text               lan8720.o
    0x08000dfc   0x08000dfc   0x000002e0   Code   RO          634    .text               i2s.o
    0x080010dc   0x080010dc   0x00000224   Code   RO          653    .text               myiic.o
    0x08001300   0x08001300   0x00000340   Code   RO          668    .text               wm8978.o
    0x08001640   0x08001640   0x000000e0   Code   RO          688    .text               24cxx.o
    0x08001720   0x08001720   0x000002b0   Code   RO          718    .text               cw2015.o
    0x080019d0   0x080019d0   0x0000025c   Code   RO          756    .text               iic.o
    0x08001c2c   0x08001c2c   0x000000a4   Code   RO          779    .text               dtmf_rx.o
    0x08001cd0   0x08001cd0   0x00000040   Code   RO          812    .text               startup_stm32f40_41xxx.o
    0x08001d10   0x08001d10   0x000000b0   Code   RO          818    .text               misc.o
    0x08001dc0   0x08001dc0   0x0000020c   Code   RO          838    .text               stm32f4xx_gpio.o
    0x08001fcc   0x08001fcc   0x00000480   Code   RO          858    .text               stm32f4xx_rcc.o
    0x0800244c   0x0800244c   0x0000007c   Code   RO          880    .text               stm32f4xx_syscfg.o
    0x080024c8   0x080024c8   0x000009dc   Code   RO          900    .text               stm32f4xx_tim.o
    0x08002ea4   0x08002ea4   0x00000358   Code   RO          921    .text               stm32f4xx_usart.o
    0x080031fc   0x080031fc   0x00000ab8   Code   RO          941    .text               stm32f4x7_eth.o
    0x08003cb4   0x08003cb4   0x00000320   Code   RO         1013    .text               stm32f4xx_dma.o
    0x08003fd4   0x08003fd4   0x0000032c   Code   RO         1033    .text               stm32f4xx_spi.o
    0x08004300   0x08004300   0x000000b4   Code   RO         1053    .text               delay.o
    0x080043b4   0x080043b4   0x0000011c   Code   RO         1093    .text               usart.o
    0x080044d0   0x080044d0   0x00000380   Code   RO         1125    .text               lwip_comm.o
    0x08004850   0x08004850   0x00000a88   Code   RO         1194    .text               etharp.o
    0x080052d8   0x080052d8   0x000001dc   Code   RO         1250    .text               ethernetif.o
    0x080054b4   0x080054b4   0x00000330   Code   RO         1296    .text               icmp.o
    0x080057e4   0x080057e4   0x0000024c   Code   RO         1330    .text               inet_chksum.o
    0x08005a30   0x08005a30   0x00000334   Code   RO         1345    .text               ip.o
    0x08005d64   0x08005d64   0x00000254   Code   RO         1389    .text               ip_addr.o
    0x08005fb8   0x08005fb8   0x0000082c   Code   RO         1413    .text               ip_frag.o
    0x080067e4   0x080067e4   0x00000010   Code   RO         1430    .text               def.o
    0x080067f4   0x080067f4   0x0000001e   Code   RO         1455    .text               init.o
    0x08006812   0x08006812   0x00000002   PAD
    0x08006814   0x08006814   0x0000017c   Code   RO         1491    .text               memp.o
    0x08006990   0x08006990   0x00000254   Code   RO         1520    .text               netif.o
    0x08006be4   0x08006be4   0x00000d1a   Code   RO         1543    .text               pbuf.o
    0x080078fe   0x080078fe   0x00000002   PAD
    0x08007900   0x08007900   0x000001f8   Code   RO         1556    .text               raw.o
    0x08007af8   0x08007af8   0x00000ff0   Code   RO         1576    .text               tcp.o
    0x08008ae8   0x08008ae8   0x0000111c   Code   RO         1601    .text               tcp_in.o
    0x08009c04   0x08009c04   0x00000f60   Code   RO         1624    .text               tcp_out.o
    0x0800ab64   0x0800ab64   0x00000244   Code   RO         1637    .text               timers.o
    0x0800ada8   0x0800ada8   0x000004b8   Code   RO         1651    .text               udp.o
    0x0800b260   0x0800b260   0x00000530   Code   RO         1678    .text               mem.o
    0x0800b790   0x0800b790   0x0000000c   Code   RO         1693    .text               sys_arch.o
    0x0800b79c   0x0800b79c   0x000001c8   Code   RO         1763    .text               malloc.o
    0x0800b964   0x0800b964   0x00000380   Code   RO         1791    .text               net_rxtx.o
    0x0800bce4   0x0800bce4   0x00000098   Code   RO         1840    .text               sdpmsgbuilding.o
    0x0800bd7c   0x0800bd7c   0x000003b4   Code   RO         1858    .text               sipmain.o
    0x0800c130   0x0800c130   0x00000998   Code   RO         1896    .text               sipmsganalysis.o
    0x0800cac8   0x0800cac8   0x00000260   Code   RO         1929    .text               strint.o
    0x0800cd28   0x0800cd28   0x00001214   Code   RO         1955    .text               sipmsgbuilding.o
    0x0800df3c   0x0800df3c   0x0000013c   Code   RO         1979    .text               tel_func.o
    0x0800e078   0x0800e078   0x0000011c   Code   RO         2022    .text               rtp.o
    0x0800e194   0x0800e194   0x00000774   Code   RO         2051    .text               hhdxmsg.o
    0x0800e908   0x0800e908   0x00000248   Code   RO         2078    .text               audio.o
    0x0800eb50   0x0800eb50   0x000003d0   Code   RO         2105    .text               usart3_fsk.o
    0x0800ef20   0x0800ef20   0x000010c8   Code   RO         2135    .text               usmart.o
    0x0800ffe8   0x0800ffe8   0x0000044c   Code   RO         2189    .text               usmart_str.o
    0x08010434   0x08010434   0x00000002   Code   RO         2233    .text               c_w.l(use_no_semi_2.o)
    0x08010436   0x08010436   0x00000002   PAD
    0x08010438   0x08010438   0x00000018   Code   RO         2235    .text               c_w.l(__2printf.o)
    0x08010450   0x08010450   0x0000002c   Code   RO         2237    .text               c_w.l(__2sprintf.o)
    0x0801047c   0x0801047c   0x0000004e   Code   RO         2245    .text               c_w.l(_printf_pad.o)
    0x080104ca   0x080104ca   0x00000052   Code   RO         2247    .text               c_w.l(_printf_str.o)
    0x0801051c   0x0801051c   0x00000078   Code   RO         2249    .text               c_w.l(_printf_dec.o)
    0x08010594   0x08010594   0x00000058   Code   RO         2254    .text               c_w.l(_printf_hex_int.o)
    0x080105ec   0x080105ec   0x00000188   Code   RO         2289    .text               c_w.l(__printf_flags_ss_wp.o)
    0x08010774   0x08010774   0x00000014   Code   RO         2298    .text               c_w.l(strchr.o)
    0x08010788   0x08010788   0x00000024   Code   RO         2300    .text               c_w.l(strstr.o)
    0x080107ac   0x080107ac   0x00000058   Code   RO         2302    .text               c_w.l(memcmp.o)
    0x08010804   0x08010804   0x00000048   Code   RO         2304    .text               c_w.l(strcpy.o)
    0x0801084c   0x0801084c   0x0000003e   Code   RO         2306    .text               c_w.l(strlen.o)
    0x0801088a   0x0801088a   0x00000018   Code   RO         2308    .text               c_w.l(strcat.o)
    0x080108a2   0x080108a2   0x0000008a   Code   RO         2310    .text               c_w.l(rt_memcpy_v6.o)
    0x0801092c   0x0801092c   0x00000064   Code   RO         2312    .text               c_w.l(rt_memcpy_w.o)
    0x08010990   0x08010990   0x00000044   Code   RO         2314    .text               c_w.l(rt_memclr.o)
    0x080109d4   0x080109d4   0x0000004e   Code   RO         2316    .text               c_w.l(rt_memclr_w.o)
    0x08010a22   0x08010a22   0x00000056   Code   RO         2318    .text               c_w.l(strncpy.o)
    0x08010a78   0x08010a78   0x00000080   Code   RO         2320    .text               c_w.l(strcmpv7m.o)
    0x08010af8   0x08010af8   0x00000006   Code   RO         2322    .text               c_w.l(heapauxi.o)
    0x08010afe   0x08010afe   0x00000002   Code   RO         2350    .text               c_w.l(use_no_semi.o)
    0x08010b00   0x08010b00   0x00000016   Code   RO         2353    .text               c_w.l(_rserrno.o)
    0x08010b16   0x08010b16   0x000000b2   Code   RO         2355    .text               c_w.l(_printf_intcommon.o)
    0x08010bc8   0x08010bc8   0x00000030   Code   RO         2357    .text               c_w.l(_printf_char_common.o)
    0x08010bf8   0x08010bf8   0x0000000a   Code   RO         2359    .text               c_w.l(_sputc.o)
    0x08010c02   0x08010c02   0x0000002c   Code   RO         2361    .text               c_w.l(_printf_char.o)
    0x08010c2e   0x08010c2e   0x00000002   PAD
    0x08010c30   0x08010c30   0x00000024   Code   RO         2363    .text               c_w.l(_printf_char_file.o)
    0x08010c54   0x08010c54   0x00000008   Code   RO         2442    .text               c_w.l(rt_errno_addr_intlibspace.o)
    0x08010c5c   0x08010c5c   0x00000008   Code   RO         2446    .text               c_w.l(ferror.o)
    0x08010c64   0x08010c64   0x00000008   Code   RO         2458    .text               c_w.l(libspace.o)
    0x08010c6c   0x08010c6c   0x0000004a   Code   RO         2461    .text               c_w.l(sys_stackheap_outer.o)
    0x08010cb6   0x08010cb6   0x00000012   Code   RO         2463    .text               c_w.l(exit.o)
    0x08010cc8   0x08010cc8   0x00000030   Code   RO         2407    i.__ARM_fpclassify  m_wm.l(fpclassify.o)
    0x08010cf8   0x08010cf8   0x00000c50   Code   RO         2336    i.__hardfp_pow      m_wm.l(pow.o)
    0x08011948   0x08011948   0x000000f8   Code   RO         2409    i.__kernel_poly     m_wm.l(poly.o)
    0x08011a40   0x08011a40   0x00000030   Code   RO         2387    i.__mathlib_dbl_divzero  m_wm.l(dunder.o)
    0x08011a70   0x08011a70   0x00000014   Code   RO         2389    i.__mathlib_dbl_infnan2  m_wm.l(dunder.o)
    0x08011a84   0x08011a84   0x00000004   PAD
    0x08011a88   0x08011a88   0x00000020   Code   RO         2390    i.__mathlib_dbl_invalid  m_wm.l(dunder.o)
    0x08011aa8   0x08011aa8   0x00000020   Code   RO         2391    i.__mathlib_dbl_overflow  m_wm.l(dunder.o)
    0x08011ac8   0x08011ac8   0x00000020   Code   RO         2393    i.__mathlib_dbl_underflow  m_wm.l(dunder.o)
    0x08011ae8   0x08011ae8   0x0000000e   Code   RO         2282    i._is_digit         c_w.l(__printf_wp.o)
    0x08011af6   0x08011af6   0x00000018   Code   RO         2403    i.fabs              m_wm.l(fabs.o)
    0x08011b0e   0x08011b0e   0x0000006e   Code   RO         2414    i.sqrt              m_wm.l(sqrt.o)
    0x08011b7c   0x08011b7c   0x00000018   Code   RO         2366    x$fpl$basic         fz_wm.l(basic.o)
    0x08011b94   0x08011b94   0x00000150   Code   RO         2368    x$fpl$dadd          fz_wm.l(daddsub_clz.o)
    0x08011ce4   0x08011ce4   0x00000010   Code   RO         2450    x$fpl$dcheck1       fz_wm.l(dcheck1.o)
    0x08011cf4   0x08011cf4   0x00000018   Code   RO         2471    x$fpl$dcmpinf       fz_wm.l(dcmpi.o)
    0x08011d0c   0x08011d0c   0x000002b0   Code   RO         2375    x$fpl$ddiv          fz_wm.l(ddiv.o)
    0x08011fbc   0x08011fbc   0x0000005a   Code   RO         2326    x$fpl$dfixu         fz_wm.l(dfixu.o)
    0x08012016   0x08012016   0x0000002e   Code   RO         2331    x$fpl$dflt          fz_wm.l(dflt_clz.o)
    0x08012044   0x08012044   0x00000078   Code   RO         2452    x$fpl$dleqf         fz_wm.l(dleqf.o)
    0x080120bc   0x080120bc   0x00000154   Code   RO         2378    x$fpl$dmul          fz_wm.l(dmul.o)
    0x08012210   0x08012210   0x0000009c   Code   RO         2380    x$fpl$dnaninf       fz_wm.l(dnaninf.o)
    0x080122ac   0x080122ac   0x0000000c   Code   RO         2454    x$fpl$dretinf       fz_wm.l(dretinf.o)
    0x080122b8   0x080122b8   0x0000006c   Code   RO         2382    x$fpl$drleqf        fz_wm.l(drleqf.o)
    0x08012324   0x08012324   0x00000016   Code   RO         2369    x$fpl$drsb          fz_wm.l(daddsub_clz.o)
    0x0801233a   0x0801233a   0x00000002   PAD
    0x0801233c   0x0801233c   0x00000198   Code   RO         2456    x$fpl$dsqrt         fz_wm.l(dsqrt_umaal.o)
    0x080124d4   0x080124d4   0x000001d4   Code   RO         2370    x$fpl$dsub          fz_wm.l(daddsub_clz.o)
    0x080126a8   0x080126a8   0x0000000a   Code   RO         2533    x$fpl$fpinit        fz_wm.l(fpinit.o)
    0x080126b2   0x080126b2   0x00000064   Code   RO         2473    x$fpl$retnan        fz_wm.l(retnan.o)
    0x08012716   0x08012716   0x0000005c   Code   RO         2384    x$fpl$scalbn        fz_wm.l(scalbn.o)
    0x08012772   0x08012772   0x00000030   Code   RO         2522    x$fpl$trapveneer    fz_wm.l(trapv.o)
    0x080127a2   0x080127a2   0x00000000   Code   RO         2386    x$fpl$usenofp       fz_wm.l(usenofp.o)
    0x080127a2   0x080127a2   0x0000006e   Data   RO          635    .constdata          i2s.o
    0x08012810   0x08012810   0x0000000c   Data   RO         1196    .constdata          etharp.o
    0x0801281c   0x0801281c   0x00000004   Data   RO         1391    .constdata          ip_addr.o
    0x08012820   0x08012820   0x00000028   Data   RO         1493    .constdata          memp.o
    0x08012848   0x08012848   0x00000054   Data   RO         1577    .constdata          tcp.o
    0x0801289c   0x0801289c   0x00000024   Data   RO         1770    .constdata          malloc.o
    0x080128c0   0x080128c0   0x00000028   Data   RO         2255    .constdata          c_w.l(_printf_hex_int.o)
    0x080128e8   0x080128e8   0x00000011   Data   RO         2290    .constdata          c_w.l(__printf_flags_ss_wp.o)
    0x080128f9   0x080128f9   0x00000007   PAD
    0x08012900   0x08012900   0x00000088   Data   RO         2339    .constdata          m_wm.l(pow.o)
    0x08012988   0x08012988   0x00000008   Data   RO         2411    .constdata          m_wm.l(qnan.o)
    0x08012990   0x08012990   0x00000044   Data   RO         1197    .conststring        etharp.o
    0x080129d4   0x080129d4   0x00000075   Data   RO         1578    .conststring        tcp.o
    0x08012a49   0x08012a49   0x00000003   PAD
    0x08012a4c   0x08012a4c   0x00000055   Data   RO         1625    .conststring        tcp_out.o
    0x08012aa1   0x08012aa1   0x00000003   PAD
    0x08012aa4   0x08012aa4   0x00000042   Data   RO         1841    .conststring        sdpmsgbuilding.o
    0x08012ae6   0x08012ae6   0x00000002   PAD
    0x08012ae8   0x08012ae8   0x00000137   Data   RO         1956    .conststring        sipmsgbuilding.o
    0x08012c1f   0x08012c1f   0x00000001   PAD
    0x08012c20   0x08012c20   0x00000198   Data   RO         2136    .conststring        usmart.o
    0x08012db8   0x08012db8   0x00000107   Data   RO         2167    .conststring        usmart_config.o
    0x08012ebf   0x08012ebf   0x00000001   PAD
    0x08012ec0   0x08012ec0   0x00000020   Data   RO         2597    Region$$Table       anon$$obj.o


    Execution Region RW_IRAM1 (Exec base: 0x20000000, Load base: 0x08012ee0, Size: 0x00017588, Max: 0x00020000, ABSOLUTE, COMPRESSED[0x00000aa8])

    Exec Addr    Load Addr    Size         Type   Attr      Idx    E Section Name        Object

    0x20000000   COMPRESSED   0x00000004   Data   RW            4    .data               main.o
    0x20000004   COMPRESSED   0x00000014   Data   RW          409    .data               system_stm32f4xx.o
    0x20000018   COMPRESSED   0x00000005   Data   RW          427    .data               key.o
    0x2000001d   COMPRESSED   0x00000001   Data   RW          428    .data               key.o
    0x2000001e   COMPRESSED   0x00000001   Data   RW          429    .data               key.o
    0x2000001f   COMPRESSED   0x00000001   PAD
    0x20000020   COMPRESSED   0x00000004   Data   RW          577    .data               timer.o
    0x20000024   COMPRESSED   0x00000010   Data   RW          612    .data               lan8720.o
    0x20000034   COMPRESSED   0x00000008   Data   RW          636    .data               i2s.o
    0x2000003c   COMPRESSED   0x00000074   Data   RW          669    .data               wm8978.o
    0x200000b0   COMPRESSED   0x00000008   Data   RW          689    .data               24cxx.o
    0x200000b8   COMPRESSED   0x00000008   Data   RW          719    .data               cw2015.o
    0x200000c0   COMPRESSED   0x00000002   Data   RW          780    .data               dtmf_rx.o
    0x200000c2   COMPRESSED   0x00000010   Data   RW          859    .data               stm32f4xx_rcc.o
    0x200000d2   COMPRESSED   0x00000002   PAD
    0x200000d4   COMPRESSED   0x0000000c   Data   RW          943    .data               stm32f4x7_eth.o
    0x200000e0   COMPRESSED   0x00000004   Data   RW         1054    .data               delay.o
    0x200000e4   COMPRESSED   0x00000002   Data   RW         1095    .data               usart.o
    0x200000e6   COMPRESSED   0x00000002   PAD
    0x200000e8   COMPRESSED   0x00000004   Data   RW         1096    .data               usart.o
    0x200000ec   COMPRESSED   0x0000000c   Data   RW         1127    .data               lwip_comm.o
    0x200000f8   COMPRESSED   0x00000001   Data   RW         1198    .data               etharp.o
    0x200000f9   COMPRESSED   0x00000003   PAD
    0x200000fc   COMPRESSED   0x00000014   Data   RW         1346    .data               ip.o
    0x20000110   COMPRESSED   0x00000008   Data   RW         1414    .data               ip_frag.o
    0x20000118   COMPRESSED   0x00000004   Data   RW         1494    .data               memp.o
    0x2000011c   COMPRESSED   0x0000000c   Data   RW         1521    .data               netif.o
    0x20000128   COMPRESSED   0x00000004   Data   RW         1557    .data               raw.o
    0x2000012c   COMPRESSED   0x00000024   Data   RW         1579    .data               tcp.o
    0x20000150   COMPRESSED   0x0000001c   Data   RW         1603    .data               tcp_in.o
    0x2000016c   COMPRESSED   0x0000000c   Data   RW         1638    .data               timers.o
    0x20000178   COMPRESSED   0x00000008   Data   RW         1652    .data               udp.o
    0x20000180   COMPRESSED   0x00000010   Data   RW         1679    .data               mem.o
    0x20000190   COMPRESSED   0x00000024   Data   RW         1771    .data               malloc.o
    0x200001b4   COMPRESSED   0x00000018   Data   RW         1793    .data               net_rxtx.o
    0x200001cc   COMPRESSED   0x00000001   Data   RW         1794    .data               net_rxtx.o
    0x200001cd   COMPRESSED   0x00000003   PAD
    0x200001d0   COMPRESSED   0x00000004   Data   RW         1795    .data               net_rxtx.o
    0x200001d4   COMPRESSED   0x00000016   Data   RW         1859    .data               sipmain.o
    0x200001ea   COMPRESSED   0x00000004   Data   RW         1898    .data               sipmsganalysis.o
    0x200001ee   COMPRESSED   0x00000002   PAD
    0x200001f0   COMPRESSED   0x00000008   Data   RW         1957    .data               sipmsgbuilding.o
    0x200001f8   COMPRESSED   0x00000002   Data   RW         1980    .data               tel_func.o
    0x200001fa   COMPRESSED   0x00000001   Data   RW         2025    .data               rtp.o
    0x200001fb   COMPRESSED   0x00000001   Data   RW         2026    .data               rtp.o
    0x200001fc   COMPRESSED   0x00000001   Data   RW         2052    .data               hhdxmsg.o
    0x200001fd   COMPRESSED   0x00000003   PAD
    0x20000200   COMPRESSED   0x00000a38   Data   RW         2080    .data               audio.o
    0x20000c38   COMPRESSED   0x00000006   Data   RW         2109    .data               usart3_fsk.o
    0x20000c3e   COMPRESSED   0x00000002   PAD
    0x20000c40   COMPRESSED   0x00000028   Data   RW         2137    .data               usmart.o
    0x20000c68   COMPRESSED   0x00000030   Data   RW         2168    .data               usmart_config.o
    0x20000c98   COMPRESSED   0x000000f4   Data   RW         2169    .data               usmart_config.o
    0x20000d8c        -       0x0000000c   Zero   RW          942    .bss                stm32f4x7_eth.o
    0x20000d98        -       0x000000c8   Zero   RW         1094    .bss                usart.o
    0x20000e60        -       0x0000004c   Zero   RW         1126    .bss                lwip_comm.o
    0x20000eac        -       0x000000c8   Zero   RW         1195    .bss                etharp.o
    0x20000f74        -       0x00000010   Zero   RW         1390    .bss                ip_addr.o
    0x20000f84        -       0x00000028   Zero   RW         1492    .bss                memp.o
    0x20000fac        -       0x00000010   Zero   RW         1602    .bss                tcp_in.o
    0x20000fbc        -       0x00014000   Zero   RW         1768    .bss                malloc.o
    0x20014fbc        -       0x00001400   Zero   RW         1769    .bss                malloc.o
    0x200163bc        -       0x0000000c   Zero   RW         1792    .bss                net_rxtx.o
    0x200163c8        -       0x00000040   Zero   RW         1897    .bss                sipmsganalysis.o
    0x20016408        -       0x0000050c   Zero   RW         2023    .bss                rtp.o
    0x20016914        -       0x00000560   Zero   RW         2024    .bss                rtp.o
    0x20016e74        -       0x00000012   Zero   RW         2079    .bss                audio.o
    0x20016e86        -       0x00000080   Zero   RW         2106    .bss                usart3_fsk.o
    0x20016f06        -       0x00000011   Zero   RW         2107    .bss                usart3_fsk.o
    0x20016f17        -       0x00000011   Zero   RW         2108    .bss                usart3_fsk.o
    0x20016f28        -       0x00000060   Zero   RW         2459    .bss                c_w.l(libspace.o)
    0x20016f88        -       0x00000200   Zero   RW          810    HEAP                startup_stm32f40_41xxx.o
    0x20017188        -       0x00000400   Zero   RW          809    STACK               startup_stm32f40_41xxx.o



  Load Region LR$$.ARM.__AT_0x10000000 (Base: 0x10000000, Size: 0x00000000, Max: 0x0000f000, ABSOLUTE)

    Execution Region ER$$.ARM.__AT_0x10000000 (Exec base: 0x10000000, Load base: 0x10000000, Size: 0x0000f000, Max: 0x0000f000, ABSOLUTE, UNINIT)

    Exec Addr    Load Addr    Size         Type   Attr      Idx    E Section Name        Object

    0x10000000        -       0x0000f000   Zero   RW         1764    .ARM.__AT_0x10000000  malloc.o



  Load Region LR$$.ARM.__AT_0x1000F000 (Base: 0x1000f000, Size: 0x00000000, Max: 0x00000f00, ABSOLUTE)

    Execution Region ER$$.ARM.__AT_0x1000F000 (Exec base: 0x1000f000, Load base: 0x1000f000, Size: 0x00000f00, Max: 0x00000f00, ABSOLUTE, UNINIT)

    Exec Addr    Load Addr    Size         Type   Attr      Idx    E Section Name        Object

    0x1000f000        -       0x00000f00   Zero   RW         1765    .ARM.__AT_0x1000F000  malloc.o



  Load Region LR$$.ARM.__AT_0x68000000 (Base: 0x68000000, Size: 0x00000000, Max: 0x00032000, ABSOLUTE)

    Execution Region ER$$.ARM.__AT_0x68000000 (Exec base: 0x68000000, Load base: 0x68000000, Size: 0x00032000, Max: 0x00032000, ABSOLUTE, UNINIT)

    Exec Addr    Load Addr    Size         Type   Attr      Idx    E Section Name        Object

    0x68000000        -       0x00032000   Zero   RW         1766    .ARM.__AT_0x68000000  malloc.o



  Load Region LR$$.ARM.__AT_0x68032000 (Base: 0x68032000, Size: 0x00000000, Max: 0x00003200, ABSOLUTE)

    Execution Region ER$$.ARM.__AT_0x68032000 (Exec base: 0x68032000, Load base: 0x68032000, Size: 0x00003200, Max: 0x00003200, ABSOLUTE, UNINIT)

    Exec Addr    Load Addr    Size         Type   Attr      Idx    E Section Name        Object

    0x68032000        -       0x00003200   Zero   RW         1767    .ARM.__AT_0x68032000  malloc.o


==============================================================================

Image component sizes


      Code (inc. data)   RO Data    RW Data    ZI Data      Debug   Object Name

       224         14          0          8          0       2809   24cxx.o
       584         40          0       2616         18       3923   audio.o
       688        134          0          8          0       3565   cw2015.o
        16          0          0          0          0       1456   def.o
       180          4          0          4          0       1409   delay.o
       164         28          0          2          0       1964   dtmf_rx.o
      2696        584         80          1        200      16736   etharp.o
       476        132          0          0          0       4854   ethernetif.o
      1908        572          0          1          0       6692   hhdxmsg.o
       736         40        110          8          0       3896   i2s.o
       816        374          0          0          0       2470   icmp.o
       604          4          0          0          0       2100   iic.o
         0          0          0          0          0       3828   inet.o
       588        104          0          0          0       3409   inet_chksum.o
        30          0          0          0          0       1116   init.o
       820        156          0         20          0      15892   ip.o
       596        112          4          0         16       9499   ip_addr.o
      2092        464          0          8          0       8012   ip_frag.o
       424         82          0          7          0     273666   key.o
       772         46          0         16          0       3848   lan8720.o
       116          8          0          0          0        887   led.o
       896        280          0         12         76       5780   lwip_comm.o
       756        176          0          4          0     257284   main.o
       456         10         36         36     369920       5165   malloc.o
      1328        504          0         16          0       4026   mem.o
       380        192         40          4         40       3024   memp.o
       176         12          0          0          0       2125   misc.o
       548          8          0          0          0       2024   myiic.o
       896         58          0         29         12       7610   net_rxtx.o
       596        118          0         12          0       6643   netif.o
      3354       1232          0          0          0       9855   pbuf.o
       504        132          0          4          0       3589   raw.o
       284         36          0          2       2668       2223   rtp.o
       152         76         66          0          0        659   sdpmsgbuilding.o
       948         62          0         22          0       5545   sipmain.o
      2456        594          0          4         64      10207   sipmsganalysis.o
      4628       1442        311          8          0       7964   sipmsgbuilding.o
        64         26        392          0       1536        836   startup_stm32f40_41xxx.o
      2744         86          0         12         12      21020   stm32f4x7_eth.o
       800         32          0          0          0       7141   stm32f4xx_dma.o
       524         44          0          0          0       4649   stm32f4xx_gpio.o
        18          0          0          0          0      70122   stm32f4xx_it.o
      1152         48          0         16          0      13536   stm32f4xx_rcc.o
       812         36          0          0          0       7557   stm32f4xx_spi.o
       124         16          0          0          0       1961   stm32f4xx_syscfg.o
      2524         52          0          0          0      24174   stm32f4xx_tim.o
       856         32          0          0          0       8464   stm32f4xx_usart.o
       608         34          0          0          0       3613   strint.o
        12          6          0          0          0        478   sys_arch.o
       380         36          0         20          0       1891   system_stm32f4xx.o
      4080        994        201         36          0      22749   tcp.o
      4380        810          0         28         16      15175   tcp_in.o
      3936        862         85          0          0      10983   tcp_out.o
       316         44          0          2          0       2553   tel_func.o
       456         68          0          4          0       4250   timer.o
       580        174          0         12          0       2867   timers.o
      1208        246          0          8          0       7465   udp.o
       284         18          0          6        200       3342   usart.o
       976        100          0          6        162       4043   usart3_fsk.o
      4296       2062        408         40          0       6234   usmart.o
         0          0        263        292          0       1596   usmart_config.o
      1100         12          0          0          0       6621   usmart_str.o
       832         12          0        116          0       4489   wm8978.o

    ----------------------------------------------------------------------
     65956      13680       2038       3468     374940     963563   Object Totals
         0          0         32          0          0          0   (incl. Generated)
         6          0         10         18          0          0   (incl. Padding)

    ----------------------------------------------------------------------

      Code (inc. data)   RO Data    RW Data    ZI Data      Debug   Library Member Name

        24          4          0          0          0         84   __2printf.o
        44          6          0          0          0         84   __2sprintf.o
       100          0          0          0          0          0   __dclz77c.o
         8          0          0          0          0         68   __main.o
       392          4         17          0          0         92   __printf_flags_ss_wp.o
        14          0          0          0          0         68   __printf_wp.o
         0          0          0          0          0          0   __rtentry.o
        12          0          0          0          0          0   __rtentry2.o
         6          0          0          0          0          0   __rtentry4.o
        52          8          0          0          0          0   __scatter.o
        28          0          0          0          0          0   __scatter_zi.o
         6          0          0          0          0          0   _printf_c.o
        44          0          0          0          0        108   _printf_char.o
        48          6          0          0          0         96   _printf_char_common.o
        36          4          0          0          0         80   _printf_char_file.o
         6          0          0          0          0          0   _printf_d.o
       120         16          0          0          0         92   _printf_dec.o
        88          4         40          0          0         88   _printf_hex_int.o
       178          0          0          0          0         88   _printf_intcommon.o
        78          0          0          0          0        108   _printf_pad.o
         0          0          0          0          0          0   _printf_percent.o
         4          0          0          0          0          0   _printf_percent_end.o
         6          0          0          0          0          0   _printf_s.o
        82          0          0          0          0         80   _printf_str.o
         6          0          0          0          0          0   _printf_u.o
         6          0          0          0          0          0   _printf_x.o
        22          0          0          0          0        100   _rserrno.o
        10          0          0          0          0         68   _sputc.o
        18          0          0          0          0         80   exit.o
         8          0          0          0          0         68   ferror.o
         6          0          0          0          0        152   heapauxi.o
         2          0          0          0          0          0   libinit.o
         6          0          0          0          0          0   libinit2.o
         2          0          0          0          0          0   libshutdown.o
         2          0          0          0          0          0   libshutdown2.o
         8          4          0          0         96         68   libspace.o
        88          0          0          0          0         76   memcmp.o
         8          4          0          0          0         68   rt_errno_addr_intlibspace.o
        68          0          0          0          0         68   rt_memclr.o
        78          0          0          0          0         80   rt_memclr_w.o
       138          0          0          0          0         68   rt_memcpy_v6.o
       100          0          0          0          0         80   rt_memcpy_w.o
         2          0          0          0          0          0   rtexit.o
        10          0          0          0          0          0   rtexit2.o
        24          0          0          0          0         68   strcat.o
        20          0          0          0          0         68   strchr.o
       128          0          0          0          0         68   strcmpv7m.o
        72          0          0          0          0         80   strcpy.o
        62          0          0          0          0         76   strlen.o
        86          0          0          0          0         76   strncpy.o
        36          0          0          0          0         80   strstr.o
        74          0          0          0          0         80   sys_stackheap_outer.o
         2          0          0          0          0         68   use_no_semi.o
         2          0          0          0          0         68   use_no_semi_2.o
        24          0          0          0          0        164   basic.o
       826         16          0          0          0        492   daddsub_clz.o
        16          4          0          0          0        116   dcheck1.o
        24          0          0          0          0        116   dcmpi.o
       688        140          0          0          0        256   ddiv.o
        90          4          0          0          0        140   dfixu.o
        46          0          0          0          0        116   dflt_clz.o
       120          4          0          0          0        140   dleqf.o
       340         12          0          0          0        152   dmul.o
       156          4          0          0          0        140   dnaninf.o
        12          0          0          0          0        116   dretinf.o
       108          0          0          0          0        128   drleqf.o
       408         56          0          0          0        168   dsqrt_umaal.o
        10          0          0          0          0        116   fpinit.o
       100          0          0          0          0        116   retnan.o
        92          0          0          0          0        116   scalbn.o
        48          0          0          0          0        116   trapv.o
         0          0          0          0          0          0   usenofp.o
       164         44          0          0          0        620   dunder.o
        24          0          0          0          0        124   fabs.o
        48          0          0          0          0        124   fpclassify.o
       248          0          0          0          0        152   poly.o
      3152        296        136          0          0        352   pow.o
         0          0          8          0          0          0   qnan.o
       110          0          0          0          0        148   sqrt.o

    ----------------------------------------------------------------------
      9334        640        208          0         96       7072   Library Totals
        10          0          7          0          0          0   (incl. Padding)

    ----------------------------------------------------------------------

      Code (inc. data)   RO Data    RW Data    ZI Data      Debug   Library Name

      2470         60         57          0         96       2844   c_w.l
      3108        240          0          0          0       2708   fz_wm.l
      3746        340        144          0          0       1520   m_wm.l

    ----------------------------------------------------------------------
      9334        640        208          0         96       7072   Library Totals

    ----------------------------------------------------------------------

==============================================================================


      Code (inc. data)   RO Data    RW Data    ZI Data      Debug   

     75290      14320       2246       3468     375036     952323   Grand Totals
     75290      14320       2246       2728     375036     952323   ELF Image Totals (compressed)
     75290      14320       2246       2728          0          0   ROM Totals

==============================================================================

    Total RO  Size (Code + RO Data)                77536 (  75.72kB)
    Total RW  Size (RW Data + ZI Data)            378504 ( 369.63kB)
    Total ROM Size (Code + RO Data + RW Data)      80264 (  78.38kB)

==============================================================================

