Component: ARM Compiler 5.06 update 6 (build 750) Tool: armlink [4d35ed]

==============================================================================

Section Cross References

    main.o(.text) refers to delay.o(.text) for delay_init
    main.o(.text) refers to misc.o(.text) for NVIC_PriorityGroupConfig
    main.o(.text) refers to malloc.o(.text) for mymem_init
    main.o(.text) refers to lan8720.o(.text) for ETH_MemMalloc
    main.o(.text) refers to lwip_comm.o(.text) for lwip_comm_mem_malloc
    main.o(.text) refers to net_rxtx.o(.text) for NET_MemMalloc
    main.o(.text) refers to usart.o(.text) for uart_init
    main.o(.text) refers to usart3_fsk.o(.text) for USART3_Init
    main.o(.text) refers to led.o(.text) for LED_Init
    main.o(.text) refers to key.o(.text) for KEY_Init
    main.o(.text) refers to 24cxx.o(.text) for AT24CXX_Init
    main.o(.text) refers to timer.o(.text) for TIM3_Int_Init
    main.o(.text) refers to wm8978.o(.text) for WM8978_Init
    main.o(.text) refers to audio.o(.text) for AUDIO_Init
    main.o(.text) refers to tel_func.o(.text) for TEL_PinInit
    main.o(.text) refers to hhdxmsg.o(.text) for HHDX_VariateInit
    main.o(.text) refers to sipmsganalysis.o(.text) for ANALYSIS_RxParamInit
    main.o(.text) refers to iic.o(.text) for IIC1_Init
    main.o(.text) refers to cw2015.o(.text) for CW2015_Init
    main.o(.text) refers to dtmf_rx.o(.text) for DTMF_Init
    main.o(.text) refers to usmart.o(.text) for usmart_init
    main.o(.text) refers to __2printf.o(.text) for __2printf
    main.o(.text) refers to sipmain.o(.text) for SIP_UainfoInit
    main.o(.text) refers to recmsgbuilding.o(.text) for RecInfoInit
    main.o(.text) refers to rtp.o(.text) for RTP_tx
    main.o(.text) refers to sipmain.o(.data) for gpsUaInfo
    main.o(.text) refers to net_rxtx.o(.data) for gsNetFlag
    main.o(.text) refers to main.o(.data) for .data
    main.o(.text) refers to net_rxtx.o(.bss) for gpsaUdppcb
    main.o(.text) refers to 24cxx.o(.data) for gpsEeprom
    main.o(.text) refers to usart.o(.data) for USART_RX_STA
    main.o(.text) refers to sipmsganalysis.o(.data) for gsSipRxFlag
    main.o(.text) refers to timer.o(.data) for gpsT3
    system_stm32f4xx.o(.text) refers to system_stm32f4xx.o(.data) for .data
    key.o(.text) refers to stm32f4xx_rcc.o(.text) for RCC_AHB1PeriphClockCmd
    key.o(.text) refers to stm32f4xx_gpio.o(.text) for GPIO_Init
    key.o(.text) refers to hhdxmsg.o(.text) for HHDX_AnalyseJsonValue
    key.o(.text) refers to __2printf.o(.text) for __2printf
    key.o(.text) refers to net_rxtx.o(.text) for NET_VariateInit
    key.o(.text) refers to lwip_comm.o(.text) for lwip_comm_init
    key.o(.text) refers to key.o(.data) for .data
    key.o(.text) refers to timer.o(.data) for gpsT3
    key.o(.text) refers to net_rxtx.o(.data) for gsNetFlag
    led.o(.text) refers to stm32f4xx_rcc.o(.text) for RCC_AHB1PeriphClockCmd
    led.o(.text) refers to stm32f4xx_gpio.o(.text) for GPIO_Init
    timer.o(.text) refers to stm32f4xx_rcc.o(.text) for RCC_APB1PeriphClockCmd
    timer.o(.text) refers to stm32f4xx_tim.o(.text) for TIM_TimeBaseInit
    timer.o(.text) refers to misc.o(.text) for NVIC_Init
    timer.o(.text) refers to lwip_comm.o(.data) for lwip_localtime
    timer.o(.text) refers to timer.o(.data) for .data
    timer.o(.text) refers to recmsgbuilding.o(.data) for gpsRecInfo
    lan8720.o(.text) refers to stm32f4xx_rcc.o(.text) for RCC_AHB1PeriphClockCmd
    lan8720.o(.text) refers to stm32f4x7_eth.o(.text) for ETH_DeInit
    lan8720.o(.text) refers to stm32f4xx_syscfg.o(.text) for SYSCFG_ETH_MediaInterfaceConfig
    lan8720.o(.text) refers to stm32f4xx_gpio.o(.text) for GPIO_Init
    lan8720.o(.text) refers to delay.o(.text) for delay_ms
    lan8720.o(.text) refers to misc.o(.text) for NVIC_Init
    lan8720.o(.text) refers to lwip_comm.o(.text) for lwip_pkt_handle
    lan8720.o(.text) refers to malloc.o(.text) for myfree
    lan8720.o(.text) refers to stm32f4x7_eth.o(.data) for DMARxDescToGet
    lan8720.o(.text) refers to lan8720.o(.data) for .data
    i2s.o(.text) refers to stm32f4xx_rcc.o(.text) for RCC_APB1PeriphClockCmd
    i2s.o(.text) refers to stm32f4xx_spi.o(.text) for I2S_Init
    i2s.o(.text) refers to stm32f4xx_dma.o(.text) for DMA_DeInit
    i2s.o(.text) refers to misc.o(.text) for NVIC_Init
    i2s.o(.text) refers to i2s.o(.constdata) for .constdata
    i2s.o(.text) refers to i2s.o(.data) for .data
    myiic.o(.text) refers to stm32f4xx_rcc.o(.text) for RCC_AHB1PeriphClockCmd
    myiic.o(.text) refers to stm32f4xx_gpio.o(.text) for GPIO_Init
    myiic.o(.text) refers to delay.o(.text) for delay_us
    wm8978.o(.text) refers to myiic.o(.text) for IIC_Start
    wm8978.o(.text) refers to stm32f4xx_rcc.o(.text) for RCC_AHB1PeriphClockCmd
    wm8978.o(.text) refers to stm32f4xx_gpio.o(.text) for GPIO_Init
    wm8978.o(.text) refers to wm8978.o(.data) for .data
    24cxx.o(.text) refers to myiic.o(.text) for IIC_Init
[...]
    fputc                                    0x0800435f   Thumb Code    14  usart.o(.text)
    uart_init                                0x0800436d   Thumb Code   172  usart.o(.text)
    USART1_IRQHandler                        0x08004419   Thumb Code    78  usart.o(.text)
    lwip_comm_mem_free                       0x08004479   Thumb Code    26  lwip_comm.o(.text)
    lwip_comm_mem_malloc                     0x08004493   Thumb Code    50  lwip_comm.o(.text)
    lwip_comm_default_ip_set                 0x080044c5   Thumb Code   100  lwip_comm.o(.text)
    lwip_comm_init                           0x08004529   Thumb Code   184  lwip_comm.o(.text)
    lwip_pkt_handle                          0x080045e1   Thumb Code     8  lwip_comm.o(.text)
    lwip_periodic_handle                     0x080045e9   Thumb Code    46  lwip_comm.o(.text)
    LWIP_NetConfigUpdate                     0x08004617   Thumb Code   202  lwip_comm.o(.text)
    etharp_tmr                               0x0800483d   Thumb Code    66  etharp.o(.text)
    etharp_cleanup_netif                     0x08004a9f   Thumb Code    42  etharp.o(.text)
    etharp_find_addr                         0x08004ac9   Thumb Code    74  etharp.o(.text)
    etharp_request                           0x08004e37   Thumb Code    32  etharp.o(.text)
    etharp_query                             0x08004eab   Thumb Code   298  etharp.o(.text)
    etharp_output                            0x08004fd5   Thumb Code   306  etharp.o(.text)
    ethernet_input                           0x08005107   Thumb Code   414  etharp.o(.text)
    ethernetif_input                         0x080052d9   Thumb Code   116  ethernetif.o(.text)
    ethernetif_init                          0x0800534d   Thumb Code    48  ethernetif.o(.text)
    icmp_input                               0x08005481   Thumb Code   310  icmp.o(.text)
    icmp_dest_unreach                        0x0800562f   Thumb Code     6  icmp.o(.text)
    icmp_time_exceeded                       0x08005635   Thumb Code     6  icmp.o(.text)
    inet_chksum_pseudo                       0x08005807   Thumb Code   136  inet_chksum.o(.text)
    inet_chksum_pseudo_partial               0x0800588f   Thumb Code   178  inet_chksum.o(.text)
    inet_chksum                              0x08005941   Thumb Code    12  inet_chksum.o(.text)
    inet_chksum_pbuf                         0x0800594d   Thumb Code    72  inet_chksum.o(.text)
    ip_route                                 0x080059fd   Thumb Code    54  ip.o(.text)
    ip_input                                 0x08005a33   Thumb Code   326  ip.o(.text)
    ip_output_if                             0x08005b79   Thumb Code   212  ip.o(.text)
    ip_output                                0x08005c4d   Thumb Code    72  ip.o(.text)
    ip4_addr_isbroadcast                     0x08005d31   Thumb Code    46  ip_addr.o(.text)
    ip4_addr_netmask_valid                   0x08005d5f   Thumb Code    38  ip_addr.o(.text)
    ipaddr_aton                              0x08005d85   Thumb Code   262  ip_addr.o(.text)
    ipaddr_addr                              0x08005e8b   Thumb Code    20  ip_addr.o(.text)
    ipaddr_ntoa_r                            0x08005e9f   Thumb Code   118  ip_addr.o(.text)
    ipaddr_ntoa                              0x08005f15   Thumb Code     6  ip_addr.o(.text)
    ip_reass_tmr                             0x08006083   Thumb Code    40  ip_frag.o(.text)
    ip_reass                                 0x08006271   Thumb Code   824  ip_frag.o(.text)
    ip_frag                                  0x080065f5   Thumb Code   382  ip_frag.o(.text)
    lwip_htons                               0x080067b1   Thumb Code     4  def.o(.text)
    lwip_ntohs                               0x080067b5   Thumb Code     4  def.o(.text)
    lwip_htonl                               0x080067b9   Thumb Code     4  def.o(.text)
    lwip_ntohl                               0x080067bd   Thumb Code     4  def.o(.text)
    lwip_init                                0x080067c1   Thumb Code    30  init.o(.text)
    memp_get_memorysize                      0x080067e1   Thumb Code     6  memp.o(.text)
    memp_init                                0x080067e7   Thumb Code    80  memp.o(.text)
    memp_malloc                              0x08006837   Thumb Code    62  memp.o(.text)
    memp_free                                0x08006875   Thumb Code    40  memp.o(.text)
    netif_init                               0x0800695d   Thumb Code     2  netif.o(.text)
    netif_set_gw                             0x0800695f   Thumb Code     8  netif.o(.text)
    netif_set_netmask                        0x08006967   Thumb Code     8  netif.o(.text)
    netif_set_ipaddr                         0x0800696f   Thumb Code    96  netif.o(.text)
    netif_set_addr                           0x080069cf   Thumb Code    30  netif.o(.text)
    netif_add                                0x080069ed   Thumb Code    94  netif.o(.text)
    netif_set_default                        0x08006a4b   Thumb Code     6  netif.o(.text)
    netif_set_down                           0x08006a51   Thumb Code    26  netif.o(.text)
    netif_remove                             0x08006a6b   Thumb Code    68  netif.o(.text)
    netif_find                               0x08006aaf   Thumb Code    58  netif.o(.text)
    netif_set_up                             0x08006ae9   Thumb Code    32  netif.o(.text)
    netif_set_link_up                        0x08006b09   Thumb Code    32  netif.o(.text)
    netif_set_link_down                      0x08006b29   Thumb Code    18  netif.o(.text)
    pbuf_free                                0x08006bb1   Thumb Code   170  pbuf.o(.text)
    pbuf_alloc                               0x08006c5b   Thumb Code   460  pbuf.o(.text)
    pbuf_alloced_custom                      0x08006e27   Thumb Code   100  pbuf.o(.text)
    pbuf_realloc                             0x08006e8b   Thumb Code   186  pbuf.o(.text)
    pbuf_header                              0x08006f45   Thumb Code   806  pbuf.o(.text)
    pbuf_clen                                0x0800726b   Thumb Code    18  pbuf.o(.text)
    pbuf_ref                                 0x0800727d   Thumb Code    12  pbuf.o(.text)
    pbuf_cat                                 0x08007289   Thumb Code   108  pbuf.o(.text)
    pbuf_chain                               0x080072f5   Thumb Code    16  pbuf.o(.text)
    pbuf_dechain                             0x08007305   Thumb Code   102  pbuf.o(.text)
    pbuf_copy                                0x0800736b   Thumb Code   258  pbuf.o(.text)
    pbuf_copy_partial                        0x0800746d   Thumb Code   130  pbuf.o(.text)
    pbuf_take                                0x080074ef   Thumb Code   146  pbuf.o(.text)
    pbuf_coalesce                            0x08007581   Thumb Code    66  pbuf.o(.text)
    pbuf_get_at                              0x080075c3   Thumb Code    24  pbuf.o(.text)
    pbuf_memcmp                              0x080075db   Thumb Code   646  pbuf.o(.text)
    pbuf_memfind                             0x08007861   Thumb Code    56  pbuf.o(.text)
    pbuf_strstr                              0x08007899   Thumb Code    50  pbuf.o(.text)
    raw_input                                0x080078cd   Thumb Code   104  raw.o(.text)
    raw_bind                                 0x08007935   Thumb Code    10  raw.o(.text)
    raw_connect                              0x0800793f   Thumb Code    10  raw.o(.text)
    raw_recv                                 0x08007949   Thumb Code     6  raw.o(.text)
    raw_sendto                               0x0800794f   Thumb Code   160  raw.o(.text)
    raw_send                                 0x080079ef   Thumb Code     4  raw.o(.text)
    raw_remove                               0x080079f3   Thumb Code    40  raw.o(.text)
    raw_new                                  0x08007a1b   Thumb Code    38  raw.o(.text)
    tcp_init                                 0x08007ac5   Thumb Code     2  tcp.o(.text)
    tcp_seg_free                             0x08007ac7   Thumb Code    28  tcp.o(.text)
    tcp_segs_free                            0x08007ae3   Thumb Code    18  tcp.o(.text)
    tcp_pcb_purge                            0x08007af5   Thumb Code    58  tcp.o(.text)
    tcp_slowtmr                              0x08007b2f   Thumb Code   754  tcp.o(.text)
    tcp_pcb_remove                           0x08007e21   Thumb Code   126  tcp.o(.text)
    tcp_close                                0x080081cd   Thumb Code    18  tcp.o(.text)
    tcp_update_rcv_ann_wnd                   0x080081df   Thumb Code    80  tcp.o(.text)
    tcp_recved                               0x0800822f   Thumb Code   112  tcp.o(.text)
    tcp_recv_null                            0x0800829f   Thumb Code    34  tcp.o(.text)
    tcp_process_refused_data                 0x080082c1   Thumb Code   100  tcp.o(.text)
    tcp_fasttmr                              0x08008325   Thumb Code    88  tcp.o(.text)
    tcp_tmr                                  0x0800837d   Thumb Code    30  tcp.o(.text)
    tcp_shutdown                             0x0800839b   Thumb Code    76  tcp.o(.text)
    tcp_abandon                              0x080083e7   Thumb Code   162  tcp.o(.text)
    tcp_abort                                0x08008489   Thumb Code     4  tcp.o(.text)
    tcp_bind                                 0x080085a1   Thumb Code   136  tcp.o(.text)
    tcp_listen_with_backlog                  0x0800862f   Thumb Code   146  tcp.o(.text)
    tcp_eff_send_mss                         0x080086c1   Thumb Code    32  tcp.o(.text)
    tcp_next_iss                             0x080086e1   Thumb Code    12  tcp.o(.text)
    tcp_connect                              0x080086ed   Thumb Code   266  tcp.o(.text)
    tcp_setprio                              0x080087f7   Thumb Code     4  tcp.o(.text)
    tcp_alloc                                0x080087fb   Thumb Code   236  tcp.o(.text)
    tcp_new                                  0x080088e7   Thumb Code     4  tcp.o(.text)
    tcp_arg                                  0x080088eb   Thumb Code     4  tcp.o(.text)
    tcp_recv                                 0x080088ef   Thumb Code    34  tcp.o(.text)
    tcp_sent                                 0x08008911   Thumb Code    34  tcp.o(.text)
    tcp_err                                  0x08008933   Thumb Code    36  tcp.o(.text)
    tcp_accept                               0x08008957   Thumb Code     4  tcp.o(.text)
    tcp_poll                                 0x0800895b   Thumb Code    42  tcp.o(.text)
    tcp_debug_state_str                      0x08008985   Thumb Code    10  tcp.o(.text)
    tcp_input                                0x08009685   Thumb Code  1212  tcp_in.o(.text)
    tcp_enqueue_flags                        0x08009ceb   Thumb Code   286  tcp_out.o(.text)
    tcp_send_fin                             0x08009e09   Thumb Code    68  tcp_out.o(.text)
    tcp_write                                0x08009f21   Thumb Code  1410  tcp_out.o(.text)
    tcp_send_empty_ack                       0x0800a4a3   Thumb Code    72  tcp_out.o(.text)
    tcp_output                               0x0800a6fb   Thumb Code   440  tcp_out.o(.text)
    tcp_rst                                  0x0800a8b3   Thumb Code   144  tcp_out.o(.text)
    tcp_rexmit_rto                           0x0800a943   Thumb Code    44  tcp_out.o(.text)
    tcp_rexmit                               0x0800a96f   Thumb Code    82  tcp_out.o(.text)
    tcp_rexmit_fast                          0x0800a9c1   Thumb Code    88  tcp_out.o(.text)
    tcp_keepalive                            0x0800aa19   Thumb Code    60  tcp_out.o(.text)
    tcp_zero_window_probe                    0x0800aa55   Thumb Code   220  tcp_out.o(.text)
    sys_timeout                              0x0800ab31   Thumb Code   104  timers.o(.text)
    tcp_timer_needed                         0x0800abbf   Thumb Code    34  timers.o(.text)
    sys_timeouts_init                        0x0800ac09   Thumb Code    36  timers.o(.text)
    sys_untimeout                            0x0800ac2d   Thumb Code    68  timers.o(.text)
    sys_check_timeouts                       0x0800ac71   Thumb Code    74  timers.o(.text)
    sys_restart_timeouts                     0x0800acbb   Thumb Code    12  timers.o(.text)
    udp_init                                 0x0800ad75   Thumb Code     2  udp.o(.text)
    udp_recv                                 0x0800ad77   Thumb Code     6  udp.o(.text)
    udp_bind                                 0x0800ad7d   Thumb Code   150  udp.o(.text)
    udp_connect                              0x0800ae13   Thumb Code    70  udp.o(.text)
    udp_input                                0x0800ae59   Thumb Code   404  udp.o(.text)
    udp_sendto_if                            0x0800afed   Thumb Code   202  udp.o(.text)
    udp_sendto                               0x0800b0b7   Thumb Code    40  udp.o(.text)
    udp_send                                 0x0800b0df   Thumb Code     6  udp.o(.text)
    udp_disconnect                           0x0800b0e5   Thumb Code    16  udp.o(.text)
    udp_remove                               0x0800b0f5   Thumb Code    40  udp.o(.text)
    udp_new                                  0x0800b11d   Thumb Code    26  udp.o(.text)
    mem_init                                 0x0800b2c7   Thumb Code    44  mem.o(.text)
    mem_free                                 0x0800b2f3   Thumb Code   108  mem.o(.text)
    mem_trim                                 0x0800b35f   Thumb Code   240  mem.o(.text)
    mem_malloc                               0x0800b44f   Thumb Code   252  mem.o(.text)
    mem_calloc                               0x0800b54b   Thumb Code    26  mem.o(.text)
    sys_now                                  0x0800b75d   Thumb Code     6  sys_arch.o(.text)
    mymemcpy                                 0x0800b769   Thumb Code    16  malloc.o(.text)
    mymemset                                 0x0800b779   Thumb Code    12  malloc.o(.text)
    mymem_init                               0x0800b785   Thumb Code    52  malloc.o(.text)
    mem_perused                              0x0800b7b9   Thumb Code    48  malloc.o(.text)
    mymem_malloc                             0x0800b7e9   Thumb Code   136  malloc.o(.text)
    mymem_free                               0x0800b871   Thumb Code    82  malloc.o(.text)
    myfree                                   0x0800b8c3   Thumb Code    18  malloc.o(.text)
    mymalloc                                 0x0800b8d5   Thumb Code    28  malloc.o(.text)
    myrealloc                                0x0800b8f1   Thumb Code    54  malloc.o(.text)
    NET_TxPcbLenWr                           0x0800b931   Thumb Code    36  net_rxtx.o(.text)
    NET_RxParse                              0x0800b955   Thumb Code    84  net_rxtx.o(.text)
    NET_UdpRx                                0x0800b9a9   Thumb Code   244  net_rxtx.o(.text)
    NET_UdpTx                                0x0800ba9d   Thumb Code    84  net_rxtx.o(.text)
    NET_MemFree                              0x0800baf1   Thumb Code    50  net_rxtx.o(.text)
    NET_MemMalloc                            0x0800bb23   Thumb Code   180  net_rxtx.o(.text)
    NET_VariateInit                          0x0800bbd7   Thumb Code    56  net_rxtx.o(.text)
    NET_UdppcbConnect                        0x0800bc0f   Thumb Code    66  net_rxtx.o(.text)
    NET_UdppcbNew                            0x0800bc51   Thumb Code    24  net_rxtx.o(.text)
    NET_udp_connection_close                 0x0800bc69   Thumb Code    26  net_rxtx.o(.text)
    SDP_building                             0x0800bcc1   Thumb Code    76  sdpmsgbuilding.o(.text)
    SIP_TxFlow                               0x0800bd59   Thumb Code   224  sipmain.o(.text)
    SIP_date                                 0x0800be39   Thumb Code    84  sipmain.o(.text)
    SIP_CountCallid                          0x0800be8d   Thumb Code   162  sipmain.o(.text)
    SIP_CountTag                             0x0800bf2f   Thumb Code    78  sipmain.o(.text)
    SIP_CountBranch                          0x0800bf7d   Thumb Code    92  sipmain.o(.text)
    SIP_UainfoInit                           0x0800bfd9   Thumb Code   102  sipmain.o(.text)
    SIP_RegisterTx                           0x0800c03f   Thumb Code    60  sipmain.o(.text)
    simple_atoi                              0x0800c0b9   Thumb Code    50  sipmsganalysis.o(.text)
    ANALYSIS_get_lname                       0x0800c0eb   Thumb Code   138  sipmsganalysis.o(.text)
    ANALYSIS_line                            0x0800c175   Thumb Code   106  sipmsganalysis.o(.text)
    ANALYSIS_cseq_type                       0x0800c1df   Thumb Code   104  sipmsganalysis.o(.text)
    ANALYSIS_cseq                            0x0800c247   Thumb Code   104  sipmsganalysis.o(.text)
    ANALYSIS_get_msgname                     0x0800c2af   Thumb Code   212  sipmsganalysis.o(.text)
    ANALYSIS_msghdr                          0x0800c383   Thumb Code   230  sipmsganalysis.o(.text)
    ANALYSIS_message                         0x0800c469   Thumb Code   320  sipmsganalysis.o(.text)
    ANALYSIS_sdp                             0x0800c5a9   Thumb Code   176  sipmsganalysis.o(.text)
    ANALYSIS_get_cseq                        0x0800c659   Thumb Code    92  sipmsganalysis.o(.text)
    ANALYSIS_line_to_msg                     0x0800c6b5   Thumb Code   242  sipmsganalysis.o(.text)
    ANALYSIS_RxParamInit                     0x0800c7a7   Thumb Code    42  sipmsganalysis.o(.text)
    MISC_uint16_bit_0                        0x0800c7f5   Thumb Code    46  strint.o(.text)
    MymallocCopy                             0x0800c823   Thumb Code    36  strint.o(.text)
    Int2String                               0x0800c847   Thumb Code    74  strint.o(.text)
    String2Int                               0x0800c891   Thumb Code    92  strint.o(.text)
    Hex2Asc                                  0x0800c8ed   Thumb Code   116  strint.o(.text)
    IpInt2Str                                0x0800c961   Thumb Code    96  strint.o(.text)
    Str2IpArray                              0x0800c9c1   Thumb Code   114  strint.o(.text)
    BUILD_DIAL_DTMF                          0x0800ca55   Thumb Code    46  sipmsgbuilding.o(.text)
    BUILD_CID_start                          0x0800ca83   Thumb Code   118  sipmsgbuilding.o(.text)
    BUILD_CID_stop                           0x0800caf9   Thumb Code    44  sipmsgbuilding.o(.text)
    BUILD_CID_offhook                        0x0800cb25   Thumb Code    44  sipmsgbuilding.o(.text)
    BUILD_register                           0x0800cb51   Thumb Code   252  sipmsgbuilding.o(.text)
    BUILD_invite                             0x0800cc4d   Thumb Code   358  sipmsgbuilding.o(.text)
    BUILD_cancel                             0x0800cdb3   Thumb Code   810  sipmsgbuilding.o(.text)
    BUILD_ack                                0x0800d0dd   Thumb Code   200  sipmsgbuilding.o(.text)
    BUILD_bye                                0x0800d1a5   Thumb Code   198  sipmsgbuilding.o(.text)
    BUILD_trying                             0x0800d26b   Thumb Code   178  sipmsgbuilding.o(.text)
    BUILD_ringing                            0x0800d31d   Thumb Code   228  sipmsgbuilding.o(.text)
    BUILD_invite_ok                          0x0800d401   Thumb Code   542  sipmsgbuilding.o(.text)
    BUILD_bye_cancel_ok                      0x0800d61f   Thumb Code   180  sipmsgbuilding.o(.text)
    BUILD_487                                0x0800d6d3   Thumb Code   194  sipmsgbuilding.o(.text)
    TEL_HandfreeSPK_off                      0x0800d7d1   Thumb Code     8  tel_func.o(.text)
    TEL_OffInit                              0x0800d7d9   Thumb Code    52  tel_func.o(.text)
    TEL_OnOffFunc                            0x0800d80d   Thumb Code   102  tel_func.o(.text)
    TEL_PinInit                              0x0800d873   Thumb Code   102  tel_func.o(.text)
    TEL_HandfreeSPK_on                       0x0800d8d9   Thumb Code     8  tel_func.o(.text)
    RTP_build                                0x0800d90d   Thumb Code   174  rtp.o(.text)
    RTP_tx                                   0x0800d9bb   Thumb Code    74  rtp.o(.text)
    HHDX_Command                             0x0800da29   Thumb Code   176  hhdxmsg.o(.text)
    HHDX_ParamTxBuild                        0x0800dad9   Thumb Code   264  hhdxmsg.o(.text)
    HHDX_FactoryReset                        0x0800dbe1   Thumb Code   150  hhdxmsg.o(.text)
    HHDX_VariateInit                         0x0800dc77   Thumb Code    12  hhdxmsg.o(.text)
    HHDX_AnalyseJsonValue                    0x0800dc83   Thumb Code   346  hhdxmsg.o(.text)
    HHDX_GetFieldValue                       0x0800dddd   Thumb Code   524  hhdxmsg.o(.text)
    HHDX_ParamRx                             0x0800dfe9   Thumb Code   202  hhdxmsg.o(.text)
    HHDX_FuncRx                              0x0800e0b3   Thumb Code    90  hhdxmsg.o(.text)
    HHDX_AnalyseJsonName                     0x0800e10d   Thumb Code    62  hhdxmsg.o(.text)
    HHDX_GetFieldName                        0x0800e14b   Thumb Code    72  hhdxmsg.o(.text)
    HHDX_DivideJson                          0x0800e193   Thumb Code   114  hhdxmsg.o(.text)
    HHDX_RecCommand                          0x0800e2d1   Thumb Code   178  recmsg.o(.text)
    HHDX_RecGetFieldValue                    0x0800e383   Thumb Code    66  recmsg.o(.text)
    HHDX_RecFuncRx                           0x0800e3c5   Thumb Code    64  recmsg.o(.text)
    HHDX_RecAnalyseJsonName                  0x0800e405   Thumb Code    26  recmsg.o(.text)
    HHDX_RecGetFieldName                     0x0800e41f   Thumb Code    72  recmsg.o(.text)
    HHDX_RecDivideJson                       0x0800e467   Thumb Code   114  recmsg.o(.text)
    HHDX_RecAnalyseJsonValue                 0x0800e4d9   Thumb Code   100  recmsg.o(.text)
    SEND_CID_JSON                            0x0800e5e9   Thumb Code   160  recmsgbuilding.o(.text)
    BUILD_CID_JSON_start                     0x0800e689   Thumb Code    84  recmsgbuilding.o(.text)
    BUILD_CID_JSON_stop                      0x0800e6dd   Thumb Code    56  recmsgbuilding.o(.text)
    BUILD_CID_JSON_offhook                   0x0800e715   Thumb Code    54  recmsgbuilding.o(.text)
    Rec_TxFlow                               0x0800e74b   Thumb Code    54  recmsgbuilding.o(.text)
    RecInfoInit                              0x0800e781   Thumb Code    40  recmsgbuilding.o(.text)
    AUDIO_recfill                            0x0800e885   Thumb Code    48  audio.o(.text)
    AUDIO_i2s_dma_rx_callback                0x0800e8b5   Thumb Code    22  audio.o(.text)
    AUDIO_playfill                           0x0800e8cb   Thumb Code   118  audio.o(.text)
    AUDIO_ringfill                           0x0800e941   Thumb Code   128  audio.o(.text)
    AUDIO_i2s_dma_tx_callback                0x0800e9c1   Thumb Code    36  audio.o(.text)
    AUDIO_Init                               0x0800e9e5   Thumb Code   146  audio.o(.text)
    AUDIO_rec_mode                           0x0800ea77   Thumb Code    28  audio.o(.text)
    AUDIO_play_mode                          0x0800ea93   Thumb Code     4  audio.o(.text)
    AUDIO_stop_mode                          0x0800ea97   Thumb Code    14  audio.o(.text)
    USART3_Init                              0x0800eacd   Thumb Code   198  usart3_fsk.o(.text)
    USART3_IRQHandler                        0x0800eb93   Thumb Code    72  usart3_fsk.o(.text)
    FSK_parse                                0x0800ebdb   Thumb Code   418  usart3_fsk.o(.text)
    FSK_RTP_stop                             0x0800ed7d   Thumb Code    38  usart3_fsk.o(.text)
    FSK_ringing                              0x0800eda3   Thumb Code   158  usart3_fsk.o(.text)
    CID_print                                0x0800ee41   Thumb Code     2  usart3_fsk.o(.text)
    usmart_strcasecmp                        0x0800eea9   Thumb Code    86  usmart.o(.text)
    usmart_sys_cmd_exe                       0x0800eeff   Thumb Code  4456  usmart.o(.text)
    usmart_reset_runtime                     0x08010067   Thumb Code    36  usmart.o(.text)
    usmart_get_runtime                       0x0801008b   Thumb Code    38  usmart.o(.text)
    TIM4_IRQHandler                          0x080100b1   Thumb Code    44  usmart.o(.text)
    Timer4_Init                              0x080100dd   Thumb Code    76  usmart.o(.text)
    usmart_init                              0x08010129   Thumb Code    44  usmart.o(.text)
    usmart_cmd_rec                           0x08010155   Thumb Code   144  usmart.o(.text)
    usmart_exe                               0x080101e5   Thumb Code   864  usmart.o(.text)
    usmart_scan                              0x08010545   Thumb Code    96  usmart.o(.text)
    read_addr                                0x080105a5   Thumb Code     4  usmart.o(.text)
    write_addr                               0x080105a9   Thumb Code     4  usmart.o(.text)
    usmart_strcmp                            0x0801062d   Thumb Code    24  usmart_str.o(.text)
    usmart_strcopy                           0x08010645   Thumb Code    18  usmart_str.o(.text)
    usmart_strlen                            0x08010657   Thumb Code    18  usmart_str.o(.text)
    usmart_pow                               0x08010669   Thumb Code    16  usmart_str.o(.text)
    usmart_str2num                           0x08010679   Thumb Code   158  usmart_str.o(.text)
    usmart_get_cmdname                       0x08010717   Thumb Code    46  usmart_str.o(.text)
    usmart_search_nextc                      0x08010745   Thumb Code    16  usmart_str.o(.text)
    usmart_get_fname                         0x08010755   Thumb Code   356  usmart_str.o(.text)
    usmart_get_ipparm                        0x080108b9   Thumb Code    54  usmart_str.o(.text)
    usmart_get_aparm                         0x080108ef   Thumb Code   156  usmart_str.o(.text)
    usmart_get_parmpos                       0x0801098b   Thumb Code    30  usmart_str.o(.text)
    usmart_get_fparam                        0x080109a9   Thumb Code   206  usmart_str.o(.text)
    __use_no_semihosting                     0x08010a85   Thumb Code     2  use_no_semi_2.o(.text)
    __2printf                                0x08010a89   Thumb Code    20  __2printf.o(.text)
    __2sprintf                               0x08010aa1   Thumb Code    38  __2sprintf.o(.text)
    _printf_pre_padding                      0x08010acd   Thumb Code    44  _printf_pad.o(.text)
    _printf_post_padding                     0x08010af9   Thumb Code    34  _printf_pad.o(.text)
    _printf_str                              0x08010b1b   Thumb Code    82  _printf_str.o(.text)
    _printf_int_dec                          0x08010b6d   Thumb Code   104  _printf_dec.o(.text)
    _printf_int_hex                          0x08010be5   Thumb Code    84  _printf_hex_int.o(.text)
    _printf_longlong_hex                     0x08010be5   Thumb Code     0  _printf_hex_int.o(.text)
    __printf                                 0x08010c3d   Thumb Code   388  __printf_flags_ss_wp.o(.text)
    atoi                                     0x08010dc5   Thumb Code    26  atoi.o(.text)
    strchr                                   0x08010ddf   Thumb Code    20  strchr.o(.text)
    memcmp                                   0x08010df3   Thumb Code    88  memcmp.o(.text)
    strcpy                                   0x08010e4b   Thumb Code    72  strcpy.o(.text)
    strlen                                   0x08010e93   Thumb Code    62  strlen.o(.text)
    strcat                                   0x08010ed1   Thumb Code    24  strcat.o(.text)
    __aeabi_memcpy                           0x08010ee9   Thumb Code     0  rt_memcpy_v6.o(.text)
    __rt_memcpy                              0x08010ee9   Thumb Code   138  rt_memcpy_v6.o(.text)
    _memcpy_lastbytes                        0x08010f4f   Thumb Code     0  rt_memcpy_v6.o(.text)
    __aeabi_memcpy4                          0x08010f73   Thumb Code     0  rt_memcpy_w.o(.text)
    __aeabi_memcpy8                          0x08010f73   Thumb Code     0  rt_memcpy_w.o(.text)
    __rt_memcpy_w                            0x08010f73   Thumb Code   100  rt_memcpy_w.o(.text)
    _memcpy_lastbytes_aligned                0x08010fbb   Thumb Code     0  rt_memcpy_w.o(.text)
    __aeabi_memclr                           0x08010fd7   Thumb Code     0  rt_memclr.o(.text)
    __rt_memclr                              0x08010fd7   Thumb Code    68  rt_memclr.o(.text)
    _memset                                  0x08010fdb   Thumb Code     0  rt_memclr.o(.text)
    __aeabi_memclr4                          0x0801101b   Thumb Code     0  rt_memclr_w.o(.text)
    __aeabi_memclr8                          0x0801101b   Thumb Code     0  rt_memclr_w.o(.text)
    __rt_memclr_w                            0x0801101b   Thumb Code    78  rt_memclr_w.o(.text)
    _memset_w                                0x0801101f   Thumb Code     0  rt_memclr_w.o(.text)
    strncpy                                  0x08011069   Thumb Code    86  strncpy.o(.text)
    strcmp                                   0x080110c1   Thumb Code   128  strcmpv7m.o(.text)
    __use_two_region_memory                  0x08011141   Thumb Code     2  heapauxi.o(.text)
    __rt_heap_escrow$2region                 0x08011143   Thumb Code     2  heapauxi.o(.text)
    __rt_heap_expand$2region                 0x08011145   Thumb Code     2  heapauxi.o(.text)
    __I$use$semihosting                      0x08011147   Thumb Code     0  use_no_semi.o(.text)
    __use_no_semihosting_swi                 0x08011147   Thumb Code     2  use_no_semi.o(.text)
    __aeabi_errno_addr                       0x08011149   Thumb Code     8  rt_errno_addr_intlibspace.o(.text)
    __errno$intlibspace                      0x08011149   Thumb Code     0  rt_errno_addr_intlibspace.o(.text)
    __rt_errno_addr$intlibspace              0x08011149   Thumb Code     0  rt_errno_addr_intlibspace.o(.text)
    __read_errno                             0x08011151   Thumb Code    10  _rserrno.o(.text)
    __set_errno                              0x0801115b   Thumb Code    12  _rserrno.o(.text)
    _printf_int_common                       0x08011167   Thumb Code   178  _printf_intcommon.o(.text)
    _printf_char_common                      0x08011223   Thumb Code    32  _printf_char_common.o(.text)
    _sputc                                   0x08011249   Thumb Code    10  _sputc.o(.text)
    _printf_cs_common                        0x08011253   Thumb Code    20  _printf_char.o(.text)
    _printf_char                             0x08011267   Thumb Code    16  _printf_char.o(.text)
    _printf_string                           0x08011277   Thumb Code     8  _printf_char.o(.text)
    _printf_char_file                        0x08011281   Thumb Code    32  _printf_char_file.o(.text)
    strtol                                   0x080112a5   Thumb Code   112  strtol.o(.text)
    __user_libspace                          0x08011315   Thumb Code     8  libspace.o(.text)
    __user_perproc_libspace                  0x08011315   Thumb Code     0  libspace.o(.text)
    __user_perthread_libspace                0x08011315   Thumb Code     0  libspace.o(.text)
    __rt_ctype_table                         0x0801131d   Thumb Code    16  rt_ctype_table.o(.text)
    _strtoul                                 0x0801132d   Thumb Code   158  _strtoul.o(.text)
    ferror                                   0x080113cb   Thumb Code     8  ferror.o(.text)
    __user_setup_stackheap                   0x080113d3   Thumb Code    74  sys_stackheap_outer.o(.text)
    __rt_locale                              0x0801141d   Thumb Code     8  rt_locale_intlibspace.o(.text)
    _chval                                   0x08011425   Thumb Code    28  _chval.o(.text)
    exit                                     0x08011441   Thumb Code    18  exit.o(.text)
    __ARM_fpclassify                         0x08011453   Thumb Code    48  fpclassify.o(i.__ARM_fpclassify)
    __hardfp_pow                             0x08011489   Thumb Code  3072  pow.o(i.__hardfp_pow)
    __kernel_poly                            0x080120d9   Thumb Code   248  poly.o(i.__kernel_poly)
    __mathlib_dbl_divzero                    0x080121d1   Thumb Code    28  dunder.o(i.__mathlib_dbl_divzero)
    __mathlib_dbl_infnan2                    0x08012201   Thumb Code    20  dunder.o(i.__mathlib_dbl_infnan2)
    __mathlib_dbl_invalid                    0x08012219   Thumb Code    24  dunder.o(i.__mathlib_dbl_invalid)
    __mathlib_dbl_overflow                   0x08012239   Thumb Code    24  dunder.o(i.__mathlib_dbl_overflow)
    __mathlib_dbl_underflow                  0x08012259   Thumb Code    24  dunder.o(i.__mathlib_dbl_underflow)
    _is_digit                                0x08012279   Thumb Code    14  __printf_wp.o(i._is_digit)
    fabs                                     0x08012287   Thumb Code    24  fabs.o(i.fabs)
    sqrt                                     0x0801229f   Thumb Code   110  sqrt.o(i.sqrt)
    _get_lc_ctype                            0x0801230d   Thumb Code    44  lc_ctype_c.o(locale$$code)
    __aeabi_dneg                             0x08012339   Thumb Code     0  basic.o(x$fpl$basic)
    _dneg                                    0x08012339   Thumb Code     6  basic.o(x$fpl$basic)
    __aeabi_fneg                             0x0801233f   Thumb Code     0  basic.o(x$fpl$basic)
    _fneg                                    0x0801233f   Thumb Code     6  basic.o(x$fpl$basic)
    _dabs                                    0x08012345   Thumb Code     6  basic.o(x$fpl$basic)
    _fabs                                    0x0801234b   Thumb Code     6  basic.o(x$fpl$basic)
    __aeabi_dadd                             0x08012351   Thumb Code     0  daddsub_clz.o(x$fpl$dadd)
    _dadd                                    0x08012351   Thumb Code   332  daddsub_clz.o(x$fpl$dadd)
    __fpl_dcheck_NaN1                        0x080124a1   Thumb Code    10  dcheck1.o(x$fpl$dcheck1)
    __fpl_dcmp_Inf                           0x080124b1   Thumb Code    24  dcmpi.o(x$fpl$dcmpinf)
    __aeabi_ddiv                             0x080124c9   Thumb Code     0  ddiv.o(x$fpl$ddiv)
    _ddiv                                    0x080124c9   Thumb Code   552  ddiv.o(x$fpl$ddiv)
    __aeabi_d2uiz                            0x08012779   Thumb Code     0  dfixu.o(x$fpl$dfixu)
    _dfixu                                   0x08012779   Thumb Code    90  dfixu.o(x$fpl$dfixu)
    __aeabi_i2d                              0x080127d3   Thumb Code     0  dflt_clz.o(x$fpl$dflt)
    _dflt                                    0x080127d3   Thumb Code    46  dflt_clz.o(x$fpl$dflt)
    __aeabi_cdcmple                          0x08012801   Thumb Code     0  dleqf.o(x$fpl$dleqf)
    _dcmple                                  0x08012801   Thumb Code   120  dleqf.o(x$fpl$dleqf)
    __fpl_dcmple_InfNaN                      0x08012863   Thumb Code     0  dleqf.o(x$fpl$dleqf)
    __aeabi_dmul                             0x08012879   Thumb Code     0  dmul.o(x$fpl$dmul)
    _dmul                                    0x08012879   Thumb Code   332  dmul.o(x$fpl$dmul)
    __fpl_dnaninf                            0x080129cd   Thumb Code   156  dnaninf.o(x$fpl$dnaninf)
    __fpl_dretinf                            0x08012a69   Thumb Code    12  dretinf.o(x$fpl$dretinf)
    __aeabi_cdrcmple                         0x08012a75   Thumb Code     0  drleqf.o(x$fpl$drleqf)
    _drcmple                                 0x08012a75   Thumb Code   108  drleqf.o(x$fpl$drleqf)
    __aeabi_drsub                            0x08012ae1   Thumb Code     0  daddsub_clz.o(x$fpl$drsb)
    _drsb                                    0x08012ae1   Thumb Code    22  daddsub_clz.o(x$fpl$drsb)
    _dsqrt                                   0x08012af9   Thumb Code   404  dsqrt_umaal.o(x$fpl$dsqrt)
    __aeabi_dsub                             0x08012c91   Thumb Code     0  daddsub_clz.o(x$fpl$dsub)
    _dsub                                    0x08012c91   Thumb Code   464  daddsub_clz.o(x$fpl$dsub)
    _fp_init                                 0x08012e65   Thumb Code    10  fpinit.o(x$fpl$fpinit)
    __fplib_config_fpu_vfp                   0x08012e6d   Thumb Code     0  fpinit.o(x$fpl$fpinit)
    __fplib_config_pureend_doubles           0x08012e6d   Thumb Code     0  fpinit.o(x$fpl$fpinit)
    __fpl_return_NaN                         0x08012e6f   Thumb Code   100  retnan.o(x$fpl$retnan)
    __ARM_scalbn                             0x08012ed3   Thumb Code    92  scalbn.o(x$fpl$scalbn)
    __fpl_cmpreturn                          0x08012f2f   Thumb Code    48  trapv.o(x$fpl$trapveneer)
    I2S_PSC_TBL                              0x08012f5e   Data         110  i2s.o(.constdata)
    __I$use$fp                               0x08012f5e   Number         0  usenofp.o(x$fpl$usenofp)
    ethbroadcast                             0x08012fcc   Data           6  etharp.o(.constdata)
    ethzero                                  0x08012fd2   Data           6  etharp.o(.constdata)
    ip_addr_any                              0x08012fd8   Data           4  ip_addr.o(.constdata)
    tcp_persist_backoff                      0x08013004   Data           7  tcp.o(.constdata)
    tcp_state_str                            0x0801300c   Data          44  tcp.o(.constdata)
    tcp_backoff                              0x08013038   Data          13  tcp.o(.constdata)
    tcp_pcb_lists                            0x08013048   Data          16  tcp.o(.constdata)
    memtblsize                               0x08013058   Data          12  malloc.o(.constdata)
    memblksize                               0x08013064   Data          12  malloc.o(.constdata)
    memsize                                  0x08013070   Data          12  malloc.o(.constdata)
    __mathlib_zero                           0x08013140   Data           8  qnan.o(.constdata)
    Region$$Table$$Base                      0x08013618   Number         0  anon$$obj.o(Region$$Table)
    Region$$Table$$Limit                     0x08013638   Number         0  anon$$obj.o(Region$$Table)
    __ctype                                  0x08013645   Data           0  lc_ctype_c.o(locale$$data)
    mem3base                                 0x10000000   Data       61440  malloc.o(.ARM.__AT_0x10000000)
    mem3mapbase                              0x1000f000   Data        3840  malloc.o(.ARM.__AT_0x1000F000)
    SystemCoreClock                          0x20000004   Data           4  system_stm32f4xx.o(.data)
    AHBPrescTable                            0x20000008   Data          16  system_stm32f4xx.o(.data)
    gHandsetFlag                             0x2000001d   Data           1  key.o(.data)
    gHfFlag                                  0x2000001e   Data           1  key.o(.data)
    gpsT3                                    0x20000020   Data           4  timer.o(.data)
    DMARxDscrTab                             0x20000024   Data           4  lan8720.o(.data)
    DMATxDscrTab                             0x20000028   Data           4  lan8720.o(.data)
    Rx_Buff                                  0x2000002c   Data           4  lan8720.o(.data)
    Tx_Buff                                  0x20000030   Data           4  lan8720.o(.data)
    i2s_tx_callback                          0x20000034   Data           4  i2s.o(.data)
    i2s_rx_callback                          0x20000038   Data           4  i2s.o(.data)
    gEeprom_len                              0x200000b0   Data           1  24cxx.o(.data)
    gpsEeprom                                0x200000b4   Data           4  24cxx.o(.data)
    onhook_delay                             0x200000b8   Data           1  cw2015.o(.data)
    gsBatFlag                                0x200000ba   Data           1  cw2015.o(.data)
    gBatVal                                  0x200000bc   Data           4  cw2015.o(.data)
    gDtmfRxFlag0                             0x200000c0   Data           1  dtmf_rx.o(.data)
    gDtmfRxFlag1                             0x200000c1   Data           1  dtmf_rx.o(.data)
    DMATxDescToSet                           0x200000d4   Data           4  stm32f4x7_eth.o(.data)
    DMARxDescToGet                           0x200000d8   Data           4  stm32f4x7_eth.o(.data)
    DMA_RX_FRAME_infos                       0x200000dc   Data           4  stm32f4x7_eth.o(.data)
    USART_RX_STA                             0x200000e4   Data           2  usart.o(.data)
    __stdout                                 0x200000e8   Data           4  usart.o(.data)
    TCPTimer                                 0x200000ec   Data           4  lwip_comm.o(.data)
    ARPTimer                                 0x200000f0   Data           4  lwip_comm.o(.data)
    lwip_localtime                           0x200000f4   Data           4  lwip_comm.o(.data)
    current_netif                            0x20000100   Data           4  ip.o(.data)
    current_header                           0x20000104   Data           4  ip.o(.data)
    current_iphdr_src                        0x20000108   Data           4  ip.o(.data)
    current_iphdr_dest                       0x2000010c   Data           4  ip.o(.data)
    memp_memory                              0x20000118   Data           4  memp.o(.data)
    netif_list                               0x20000120   Data           4  netif.o(.data)
    netif_default                            0x20000124   Data           4  netif.o(.data)
    tcp_active_pcbs_changed                  0x2000012c   Data           1  tcp.o(.data)
    tcp_ticks                                0x20000138   Data           4  tcp.o(.data)
    tcp_bound_pcbs                           0x2000013c   Data           4  tcp.o(.data)
    tcp_listen_pcbs                          0x20000140   Data           4  tcp.o(.data)
    tcp_active_pcbs                          0x20000144   Data           4  tcp.o(.data)
    tcp_tw_pcbs                              0x20000148   Data           4  tcp.o(.data)
    tcp_tmp_pcb                              0x2000014c   Data           4  tcp.o(.data)
    tcp_input_pcb                            0x20000168   Data           4  tcp_in.o(.data)
    udp_pcbs                                 0x2000017c   Data           4  udp.o(.data)
    ram_heap                                 0x20000180   Data           4  mem.o(.data)
    mallco_dev                               0x20000190   Data          36  malloc.o(.data)
    gsNetFlag                                0x200001b4   Data           1  net_rxtx.o(.data)
    gTempPointer                             0x200001b8   Data           4  net_rxtx.o(.data)
    gpNetRxBuf                               0x200001bc   Data           4  net_rxtx.o(.data)
    gpNetTxBuf                               0x200001c0   Data           4  net_rxtx.o(.data)
    gpsNetRx                                 0x200001c4   Data           4  net_rxtx.o(.data)
    gpsNetTx                                 0x200001c8   Data           4  net_rxtx.o(.data)
    gTempChar                                0x200001cc   Data           1  net_rxtx.o(.data)
    gMswPort                                 0x200001d0   Data           4  net_rxtx.o(.data)
    gSipMechanism                            0x200001d4   Data           1  sipmain.o(.data)
    gSipTxFlow                               0x200001d5   Data           1  sipmain.o(.data)
    gSipRamdom1                              0x200001d8   Data           4  sipmain.o(.data)
    gSipRamdom2                              0x200001dc   Data           4  sipmain.o(.data)
    gpsUaInfo                                0x200001e0   Data           4  sipmain.o(.data)
    gsDate                                   0x200001e4   Data           6  sipmain.o(.data)
    gsSipRxFlag                              0x200001ea   Data           2  sipmsganalysis.o(.data)
    gsSipTxFlag                              0x200001ec   Data           2  sipmsganalysis.o(.data)
    gpDeviceVer                              0x200001f4   Data           4  sipmsgbuilding.o(.data)
    gDialNumLen                              0x200001f8   Data           1  tel_func.o(.data)
    gsTelFlag                                0x200001f9   Data           1  tel_func.o(.data)
    gRtpRxNum                                0x200001fa   Data           1  rtp.o(.data)
    gRtpTxNum                                0x200001fb   Data           1  rtp.o(.data)
    gsHhdxFlag                               0x200001fc   Data           1  hhdxmsg.o(.data)
    rec_recive_cmd                           0x20000200   Data           4  hhdxmsg.o(.data)
    dynamic_port                             0x20000204   Data           4  hhdxmsg.o(.data)
    gRecTempChar                             0x20000208   Data           1  recmsg.o(.data)
    gsRecTxFlag                              0x2000020c   Data           2  recmsgbuilding.o(.data)
    gpsRecInfo                               0x20000210   Data           4  recmsgbuilding.o(.data)
    gRingArr                                 0x2000021c   Data        2608  audio.o(.data)
    gRingCount                               0x20000c4c   Data           1  usart3_fsk.o(.data)
    gRingingLow_flag                         0x20000c4d   Data           1  usart3_fsk.o(.data)
    gRingingHi_flag                          0x20000c4e   Data           1  usart3_fsk.o(.data)
    gsCidFlag                                0x20000c4f   Data           1  usart3_fsk.o(.data)
    gCidIndex                                0x20000c50   Data           2  usart3_fsk.o(.data)
    sys_cmd_tab                              0x20000c54   Data          60  usmart.o(.data)
    usmart_nametab                           0x20000c90   Data          48  usmart_config.o(.data)
    usmart_dev                               0x20000cc0   Data         244  usmart_config.o(.data)
    RX_Frame_Descriptor                      0x20000db4   Data          12  stm32f4x7_eth.o(.bss)
    USART_RX_BUF                             0x20000dc0   Data         200  usart.o(.bss)
    lwipdev                                  0x20000e88   Data          26  lwip_comm.o(.bss)
    lwip_netif                               0x20000ea4   Data          48  lwip_comm.o(.bss)
    mem1base                                 0x20000fe4   Data       81920  malloc.o(.bss)
    mem1mapbase                              0x20014fe4   Data        5120  malloc.o(.bss)
    gpsaUdppcb                               0x200163e4   Data          12  net_rxtx.o(.bss)
    gsMsg                                    0x200163f0   Data          64  sipmsganalysis.o(.bss)
    gsRtp                                    0x20016430   Data          12  rtp.o(.bss)
    gRtpTxBuf                                0x2001643c   Data        1280  rtp.o(.bss)
    gRtpRxBuf                                0x2001693c   Data        1376  rtp.o(.bss)
    gsAudio                                  0x20016e9c   Data          18  audio.o(.bss)
    gCallerIDBuffer                          0x20016eae   Data         128  usart3_fsk.o(.bss)
    gFskCidBuf                               0x20016f2e   Data          17  usart3_fsk.o(.bss)
    gFskOwnBuf                               0x20016f3f   Data          17  usart3_fsk.o(.bss)
    __libspace_start                         0x20016f50   Data          96  libspace.o(.bss)
    __temporary_stack_top$libspace           0x20016fb0   Data           0  libspace.o(.bss)
    mem2base                                 0x68000000   Data       204800  malloc.o(.ARM.__AT_0x68000000)
    mem2mapbase                              0x68032000   Data       12800  malloc.o(.ARM.__AT_0x68032000)



==============================================================================

Memory Map of the image

  Image Entry point : 0x08000189

  Load Region LR_IROM1 (Base: 0x08000000, Size: 0x000144fc, Max: 0x00100000, ABSOLUTE, COMPRESSED[0x00014200])

    Execution Region ER_IROM1 (Exec base: 0x08000000, Load base: 0x08000000, Size: 0x00013748, Max: 0x00100000, ABSOLUTE)

    Exec Addr    Load Addr    Size         Type   Attr      Idx    E Section Name        Object

    0x08000000   0x08000000   0x00000188   Data   RO          680    RESET               startup_stm32f40_41xxx.o
    0x08000188   0x08000188   0x00000008   Code   RO         2191  * !!!main             c_w.l(__main.o)
    0x08000190   0x08000190   0x00000034   Code   RO         2484    !!!scatter          c_w.l(__scatter.o)
    0x080001c4   0x080001c4   0x00000064   Code   RO         2482    !!dclz77c           c_w.l(__dclz77c.o)
    0x08000228   0x08000228   0x0000001c   Code   RO         2486    !!handler_zi        c_w.l(__scatter_zi.o)
    0x08000244   0x08000244   0x00000000   Code   RO         2164    .ARM.Collect$$_printf_percent$$00000000  c_w.l(_printf_percent.o)
    0x08000244   0x08000244   0x00000006   Code   RO         2162    .ARM.Collect$$_printf_percent$$00000009  c_w.l(_printf_d.o)
    0x0800024a   0x0800024a   0x00000006   Code   RO         2163    .ARM.Collect$$_printf_percent$$0000000A  c_w.l(_printf_u.o)
    0x08000250   0x08000250   0x00000006   Code   RO         2161    .ARM.Collect$$_printf_percent$$0000000C  c_w.l(_printf_x.o)
    0x08000256   0x08000256   0x00000006   Code   RO         2159    .ARM.Collect$$_printf_percent$$00000013  c_w.l(_printf_c.o)
    0x0800025c   0x0800025c   0x00000006   Code   RO         2160    .ARM.Collect$$_printf_percent$$00000014  c_w.l(_printf_s.o)
    0x08000262   0x08000262   0x00000004   Code   RO         2237    .ARM.Collect$$_printf_percent$$00000017  c_w.l(_printf_percent_end.o)
    0x08000266   0x08000266   0x00000002   Code   RO         2353    .ARM.Collect$$libinit$$00000000  c_w.l(libinit.o)
    0x08000268   0x08000268   0x00000004   Code   RO         2360    .ARM.Collect$$libinit$$00000001  c_w.l(libinit2.o)
    0x0800026c   0x0800026c   0x00000000   Code   RO         2363    .ARM.Collect$$libinit$$00000004  c_w.l(libinit2.o)
    0x0800026c   0x0800026c   0x00000000   Code   RO         2366    .ARM.Collect$$libinit$$0000000A  c_w.l(libinit2.o)
    0x0800026c   0x0800026c   0x00000000   Code   RO         2368    .ARM.Collect$$libinit$$0000000C  c_w.l(libinit2.o)
    0x0800026c   0x0800026c   0x00000000   Code   RO         2370    .ARM.Collect$$libinit$$0000000E  c_w.l(libinit2.o)
    0x0800026c   0x0800026c   0x00000006   Code   RO         2371    .ARM.Collect$$libinit$$0000000F  c_w.l(libinit2.o)
    0x08000272   0x08000272   0x00000000   Code   RO         2373    .ARM.Collect$$libinit$$00000011  c_w.l(libinit2.o)
    0x08000272   0x08000272   0x0000000c   Code   RO         2374    .ARM.Collect$$libinit$$00000012  c_w.l(libinit2.o)
    0x0800027e   0x0800027e   0x00000000   Code   RO         2375    .ARM.Collect$$libinit$$00000013  c_w.l(libinit2.o)
    0x0800027e   0x0800027e   0x00000000   Code   RO         2377    .ARM.Collect$$libinit$$00000015  c_w.l(libinit2.o)
    0x0800027e   0x0800027e   0x00000000   Code   RO         2379    .ARM.Collect$$libinit$$00000017  c_w.l(libinit2.o)
    0x0800027e   0x0800027e   0x00000000   Code   RO         2381    .ARM.Collect$$libinit$$00000019  c_w.l(libinit2.o)
    0x0800027e   0x0800027e   0x00000000   Code   RO         2383    .ARM.Collect$$libinit$$0000001B  c_w.l(libinit2.o)
    0x0800027e   0x0800027e   0x00000000   Code   RO         2385    .ARM.Collect$$libinit$$0000001D  c_w.l(libinit2.o)
    0x0800027e   0x0800027e   0x00000000   Code   RO         2387    .ARM.Collect$$libinit$$0000001F  c_w.l(libinit2.o)
    0x0800027e   0x0800027e   0x00000000   Code   RO         2389    .ARM.Collect$$libinit$$00000021  c_w.l(libinit2.o)
    0x0800027e   0x0800027e   0x00000000   Code   RO         2391    .ARM.Collect$$libinit$$00000023  c_w.l(libinit2.o)
    0x0800027e   0x0800027e   0x00000000   Code   RO         2393    .ARM.Collect$$libinit$$00000025  c_w.l(libinit2.o)
    0x0800027e   0x0800027e   0x00000000   Code   RO         2397    .ARM.Collect$$libinit$$0000002C  c_w.l(libinit2.o)
    0x0800027e   0x0800027e   0x00000000   Code   RO         2399    .ARM.Collect$$libinit$$0000002E  c_w.l(libinit2.o)
    0x0800027e   0x0800027e   0x00000000   Code   RO         2401    .ARM.Collect$$libinit$$00000030  c_w.l(libinit2.o)
    0x0800027e   0x0800027e   0x00000000   Code   RO         2403    .ARM.Collect$$libinit$$00000032  c_w.l(libinit2.o)
    0x0800027e   0x0800027e   0x00000002   Code   RO         2404    .ARM.Collect$$libinit$$00000033  c_w.l(libinit2.o)
    0x08000280   0x08000280   0x00000002   Code   RO         2424    .ARM.Collect$$libshutdown$$00000000  c_w.l(libshutdown.o)
    0x08000282   0x08000282   0x00000000   Code   RO         2434    .ARM.Collect$$libshutdown$$00000002  c_w.l(libshutdown2.o)
    0x08000282   0x08000282   0x00000000   Code   RO         2436    .ARM.Collect$$libshutdown$$00000004  c_w.l(libshutdown2.o)
    0x08000282   0x08000282   0x00000000   Code   RO         2439    .ARM.Collect$$libshutdown$$00000007  c_w.l(libshutdown2.o)
    0x08000282   0x08000282   0x00000000   Code   RO         2442    .ARM.Collect$$libshutdown$$0000000A  c_w.l(libshutdown2.o)
    0x08000282   0x08000282   0x00000000   Code   RO         2444    .ARM.Collect$$libshutdown$$0000000C  c_w.l(libshutdown2.o)
    0x08000282   0x08000282   0x00000000   Code   RO         2447    .ARM.Collect$$libshutdown$$0000000F  c_w.l(libshutdown2.o)
    0x08000282   0x08000282   0x00000002   Code   RO         2448    .ARM.Collect$$libshutdown$$00000010  c_w.l(libshutdown2.o)
    0x08000284   0x08000284   0x00000000   Code   RO         2219    .ARM.Collect$$rtentry$$00000000  c_w.l(__rtentry.o)
    0x08000284   0x08000284   0x00000000   Code   RO         2302    .ARM.Collect$$rtentry$$00000002  c_w.l(__rtentry2.o)
    0x08000284   0x08000284   0x00000006   Code   RO         2314    .ARM.Collect$$rtentry$$00000004  c_w.l(__rtentry4.o)
    0x0800028a   0x0800028a   0x00000000   Code   RO         2304    .ARM.Collect$$rtentry$$00000009  c_w.l(__rtentry2.o)
    0x0800028a   0x0800028a   0x00000004   Code   RO         2305    .ARM.Collect$$rtentry$$0000000A  c_w.l(__rtentry2.o)
    0x0800028e   0x0800028e   0x00000000   Code   RO         2307    .ARM.Collect$$rtentry$$0000000C  c_w.l(__rtentry2.o)
    0x0800028e   0x0800028e   0x00000008   Code   RO         2308    .ARM.Collect$$rtentry$$0000000D  c_w.l(__rtentry2.o)
    0x08000296   0x08000296   0x00000002   Code   RO         2358    .ARM.Collect$$rtexit$$00000000  c_w.l(rtexit.o)
    0x08000298   0x08000298   0x00000000   Code   RO         2408    .ARM.Collect$$rtexit$$00000002  c_w.l(rtexit2.o)
    0x08000298   0x08000298   0x00000004   Code   RO         2409    .ARM.Collect$$rtexit$$00000003  c_w.l(rtexit2.o)
    0x0800029c   0x0800029c   0x00000006   Code   RO         2410    .ARM.Collect$$rtexit$$00000004  c_w.l(rtexit2.o)
    0x080002a2   0x080002a2   0x00000002   PAD
    0x080002a4   0x080002a4   0x000002f4   Code   RO            3    .text               main.o
    0x08000598   0x08000598   0x00000012   Code   RO          294    .text               stm32f4xx_it.o
    0x080005aa   0x080005aa   0x00000002   PAD
    0x080005ac   0x080005ac   0x0000017c   Code   RO          343    .text               system_stm32f4xx.o
    0x08000728   0x08000728   0x000001a8   Code   RO          369    .text               key.o
    0x080008d0   0x080008d0   0x00000074   Code   RO          419    .text               led.o
    0x08000944   0x08000944   0x00000140   Code   RO          439    .text               timer.o
    0x08000a84   0x08000a84   0x00000304   Code   RO          475    .text               lan8720.o
    0x08000d88   0x08000d88   0x000002e0   Code   RO          502    .text               i2s.o
    0x08001068   0x08001068   0x00000224   Code   RO          529    .text               myiic.o
    0x0800128c   0x0800128c   0x00000340   Code   RO          549    .text               wm8978.o
    0x080015cc   0x080015cc   0x000000e0   Code   RO          572    .text               24cxx.o
    0x080016ac   0x080016ac   0x000002cc   Code   RO          598    .text               cw2015.o
    0x08001978   0x08001978   0x0000025c   Code   RO          629    .text               iic.o
    0x08001bd4   0x08001bd4   0x000000a4   Code   RO          652    .text               dtmf_rx.o
    0x08001c78   0x08001c78   0x00000040   Code   RO          681    .text               startup_stm32f40_41xxx.o
    0x08001cb8   0x08001cb8   0x000000b0   Code   RO          687    .text               misc.o
    0x08001d68   0x08001d68   0x0000020c   Code   RO          707    .text               stm32f4xx_gpio.o
    0x08001f74   0x08001f74   0x00000480   Code   RO          727    .text               stm32f4xx_rcc.o
    0x080023f4   0x080023f4   0x0000007c   Code   RO          749    .text               stm32f4xx_syscfg.o
    0x08002470   0x08002470   0x000009dc   Code   RO          769    .text               stm32f4xx_tim.o
    0x08002e4c   0x08002e4c   0x00000358   Code   RO          790    .text               stm32f4xx_usart.o
    0x080031a4   0x080031a4   0x00000ab8   Code   RO          810    .text               stm32f4x7_eth.o
    0x08003c5c   0x08003c5c   0x00000320   Code   RO          882    .text               stm32f4xx_dma.o
    0x08003f7c   0x08003f7c   0x0000032c   Code   RO          902    .text               stm32f4xx_spi.o
    0x080042a8   0x080042a8   0x000000b4   Code   RO          922    .text               delay.o
    0x0800435c   0x0800435c   0x0000011c   Code   RO          962    .text               usart.o
    0x08004478   0x08004478   0x000003a4   Code   RO          994    .text               lwip_comm.o
    0x0800481c   0x0800481c   0x00000a88   Code   RO         1063    .text               etharp.o
    0x080052a4   0x080052a4   0x000001dc   Code   RO         1099    .text               ethernetif.o
    0x08005480   0x08005480   0x00000330   Code   RO         1145    .text               icmp.o
    0x080057b0   0x080057b0   0x0000024c   Code   RO         1179    .text               inet_chksum.o
    0x080059fc   0x080059fc   0x00000334   Code   RO         1194    .text               ip.o
    0x08005d30   0x08005d30   0x00000254   Code   RO         1227    .text               ip_addr.o
    0x08005f84   0x08005f84   0x0000082c   Code   RO         1251    .text               ip_frag.o
    0x080067b0   0x080067b0   0x00000010   Code   RO         1265    .text               def.o
    0x080067c0   0x080067c0   0x0000001e   Code   RO         1290    .text               init.o
    0x080067de   0x080067de   0x00000002   PAD
    0x080067e0   0x080067e0   0x0000017c   Code   RO         1320    .text               memp.o
    0x0800695c   0x0800695c   0x00000254   Code   RO         1346    .text               netif.o
    0x08006bb0   0x08006bb0   0x00000d1a   Code   RO         1369    .text               pbuf.o
    0x080078ca   0x080078ca   0x00000002   PAD
    0x080078cc   0x080078cc   0x000001f8   Code   RO         1382    .text               raw.o
    0x08007ac4   0x08007ac4   0x00000ff0   Code   RO         1402    .text               tcp.o
    0x08008ab4   0x08008ab4   0x0000111c   Code   RO         1427    .text               tcp_in.o
    0x08009bd0   0x08009bd0   0x00000f60   Code   RO         1450    .text               tcp_out.o
    0x0800ab30   0x0800ab30   0x00000244   Code   RO         1463    .text               timers.o
    0x0800ad74   0x0800ad74   0x000004b8   Code   RO         1479    .text               udp.o
    0x0800b22c   0x0800b22c   0x00000530   Code   RO         1505    .text               mem.o
    0x0800b75c   0x0800b75c   0x0000000c   Code   RO         1522    .text               sys_arch.o
    0x0800b768   0x0800b768   0x000001c8   Code   RO         1600    .text               malloc.o
    0x0800b930   0x0800b930   0x00000390   Code   RO         1634    .text               net_rxtx.o
    0x0800bcc0   0x0800bcc0   0x00000098   Code   RO         1667    .text               sdpmsgbuilding.o
    0x0800bd58   0x0800bd58   0x00000360   Code   RO         1691    .text               sipmain.o
    0x0800c0b8   0x0800c0b8   0x0000073c   Code   RO         1725    .text               sipmsganalysis.o
    0x0800c7f4   0x0800c7f4   0x00000260   Code   RO         1756    .text               strint.o
    0x0800ca54   0x0800ca54   0x00000d7c   Code   RO         1788    .text               sipmsgbuilding.o
    0x0800d7d0   0x0800d7d0   0x0000013c   Code   RO         1812    .text               tel_func.o
    0x0800d90c   0x0800d90c   0x0000011c   Code   RO         1839    .text               rtp.o
    0x0800da28   0x0800da28   0x000008a8   Code   RO         1868    .text               hhdxmsg.o
    0x0800e2d0   0x0800e2d0   0x00000318   Code   RO         1895    .text               recmsg.o
    0x0800e5e8   0x0800e5e8   0x0000029c   Code   RO         1919    .text               recmsgbuilding.o
    0x0800e884   0x0800e884   0x00000248   Code   RO         1945    .text               audio.o
    0x0800eacc   0x0800eacc   0x000003dc   Code   RO         1972    .text               usart3_fsk.o
    0x0800eea8   0x0800eea8   0x00001784   Code   RO         2002    .text               usmart.o
    0x0801062c   0x0801062c   0x00000458   Code   RO         2056    .text               usmart_str.o
    0x08010a84   0x08010a84   0x00000002   Code   RO         2100    .text               c_w.l(use_no_semi_2.o)
    0x08010a86   0x08010a86   0x00000002   PAD
    0x08010a88   0x08010a88   0x00000018   Code   RO         2102    .text               c_w.l(__2printf.o)
    0x08010aa0   0x08010aa0   0x0000002c   Code   RO         2104    .text               c_w.l(__2sprintf.o)
    0x08010acc   0x08010acc   0x0000004e   Code   RO         2112    .text               c_w.l(_printf_pad.o)
    0x08010b1a   0x08010b1a   0x00000052   Code   RO         2114    .text               c_w.l(_printf_str.o)
    0x08010b6c   0x08010b6c   0x00000078   Code   RO         2116    .text               c_w.l(_printf_dec.o)
    0x08010be4   0x08010be4   0x00000058   Code   RO         2121    .text               c_w.l(_printf_hex_int.o)
    0x08010c3c   0x08010c3c   0x00000188   Code   RO         2156    .text               c_w.l(__printf_flags_ss_wp.o)
    0x08010dc4   0x08010dc4   0x0000001a   Code   RO         2165    .text               c_w.l(atoi.o)
    0x08010dde   0x08010dde   0x00000014   Code   RO         2167    .text               c_w.l(strchr.o)
    0x08010df2   0x08010df2   0x00000058   Code   RO         2169    .text               c_w.l(memcmp.o)
    0x08010e4a   0x08010e4a   0x00000048   Code   RO         2171    .text               c_w.l(strcpy.o)
    0x08010e92   0x08010e92   0x0000003e   Code   RO         2173    .text               c_w.l(strlen.o)
    0x08010ed0   0x08010ed0   0x00000018   Code   RO         2175    .text               c_w.l(strcat.o)
    0x08010ee8   0x08010ee8   0x0000008a   Code   RO         2177    .text               c_w.l(rt_memcpy_v6.o)
    0x08010f72   0x08010f72   0x00000064   Code   RO         2179    .text               c_w.l(rt_memcpy_w.o)
    0x08010fd6   0x08010fd6   0x00000044   Code   RO         2181    .text               c_w.l(rt_memclr.o)
    0x0801101a   0x0801101a   0x0000004e   Code   RO         2183    .text               c_w.l(rt_memclr_w.o)
    0x08011068   0x08011068   0x00000056   Code   RO         2185    .text               c_w.l(strncpy.o)
    0x080110be   0x080110be   0x00000002   PAD
    0x080110c0   0x080110c0   0x00000080   Code   RO         2187    .text               c_w.l(strcmpv7m.o)
    0x08011140   0x08011140   0x00000006   Code   RO         2189    .text               c_w.l(heapauxi.o)
    0x08011146   0x08011146   0x00000002   Code   RO         2217    .text               c_w.l(use_no_semi.o)
    0x08011148   0x08011148   0x00000008   Code   RO         2223    .text               c_w.l(rt_errno_addr_intlibspace.o)
    0x08011150   0x08011150   0x00000016   Code   RO         2225    .text               c_w.l(_rserrno.o)
    0x08011166   0x08011166   0x000000b2   Code   RO         2227    .text               c_w.l(_printf_intcommon.o)
    0x08011218   0x08011218   0x00000030   Code   RO         2229    .text               c_w.l(_printf_char_common.o)
    0x08011248   0x08011248   0x0000000a   Code   RO         2231    .text               c_w.l(_sputc.o)
    0x08011252   0x08011252   0x0000002c   Code   RO         2233    .text               c_w.l(_printf_char.o)
    0x0801127e   0x0801127e   0x00000002   PAD
    0x08011280   0x08011280   0x00000024   Code   RO         2235    .text               c_w.l(_printf_char_file.o)
    0x080112a4   0x080112a4   0x00000070   Code   RO         2238    .text               c_w.l(strtol.o)
    0x08011314   0x08011314   0x00000008   Code   RO         2298    .text               c_w.l(libspace.o)
    0x0801131c   0x0801131c   0x00000010   Code   RO         2316    .text               c_w.l(rt_ctype_table.o)
    0x0801132c   0x0801132c   0x0000009e   Code   RO         2320    .text               c_w.l(_strtoul.o)
    0x080113ca   0x080113ca   0x00000008   Code   RO         2322    .text               c_w.l(ferror.o)
    0x080113d2   0x080113d2   0x0000004a   Code   RO         2334    .text               c_w.l(sys_stackheap_outer.o)
    0x0801141c   0x0801141c   0x00000008   Code   RO         2339    .text               c_w.l(rt_locale_intlibspace.o)
    0x08011424   0x08011424   0x0000001c   Code   RO         2341    .text               c_w.l(_chval.o)
    0x08011440   0x08011440   0x00000012   Code   RO         2346    .text               c_w.l(exit.o)
    0x08011452   0x08011452   0x00000030   Code   RO         2281    i.__ARM_fpclassify  m_wm.l(fpclassify.o)
    0x08011482   0x08011482   0x00000006   PAD
    0x08011488   0x08011488   0x00000c50   Code   RO         2203    i.__hardfp_pow      m_wm.l(pow.o)
    0x080120d8   0x080120d8   0x000000f8   Code   RO         2283    i.__kernel_poly     m_wm.l(poly.o)
    0x080121d0   0x080121d0   0x00000030   Code   RO         2261    i.__mathlib_dbl_divzero  m_wm.l(dunder.o)
    0x08012200   0x08012200   0x00000014   Code   RO         2263    i.__mathlib_dbl_infnan2  m_wm.l(dunder.o)
    0x08012214   0x08012214   0x00000004   PAD
    0x08012218   0x08012218   0x00000020   Code   RO         2264    i.__mathlib_dbl_invalid  m_wm.l(dunder.o)
    0x08012238   0x08012238   0x00000020   Code   RO         2265    i.__mathlib_dbl_overflow  m_wm.l(dunder.o)
    0x08012258   0x08012258   0x00000020   Code   RO         2267    i.__mathlib_dbl_underflow  m_wm.l(dunder.o)
    0x08012278   0x08012278   0x0000000e   Code   RO         2149    i._is_digit         c_w.l(__printf_wp.o)
    0x08012286   0x08012286   0x00000018   Code   RO         2277    i.fabs              m_wm.l(fabs.o)
    0x0801229e   0x0801229e   0x0000006e   Code   RO         2288    i.sqrt              m_wm.l(sqrt.o)
    0x0801230c   0x0801230c   0x0000002c   Code   RO         2344    locale$$code        c_w.l(lc_ctype_c.o)
    0x08012338   0x08012338   0x00000018   Code   RO         2240    x$fpl$basic         fz_wm.l(basic.o)
    0x08012350   0x08012350   0x00000150   Code   RO         2242    x$fpl$dadd          fz_wm.l(daddsub_clz.o)
    0x080124a0   0x080124a0   0x00000010   Code   RO         2326    x$fpl$dcheck1       fz_wm.l(dcheck1.o)
    0x080124b0   0x080124b0   0x00000018   Code   RO         2354    x$fpl$dcmpinf       fz_wm.l(dcmpi.o)
    0x080124c8   0x080124c8   0x000002b0   Code   RO         2249    x$fpl$ddiv          fz_wm.l(ddiv.o)
    0x08012778   0x08012778   0x0000005a   Code   RO         2193    x$fpl$dfixu         fz_wm.l(dfixu.o)
    0x080127d2   0x080127d2   0x0000002e   Code   RO         2198    x$fpl$dflt          fz_wm.l(dflt_clz.o)
    0x08012800   0x08012800   0x00000078   Code   RO         2328    x$fpl$dleqf         fz_wm.l(dleqf.o)
    0x08012878   0x08012878   0x00000154   Code   RO         2252    x$fpl$dmul          fz_wm.l(dmul.o)
    0x080129cc   0x080129cc   0x0000009c   Code   RO         2254    x$fpl$dnaninf       fz_wm.l(dnaninf.o)
    0x08012a68   0x08012a68   0x0000000c   Code   RO         2330    x$fpl$dretinf       fz_wm.l(dretinf.o)
    0x08012a74   0x08012a74   0x0000006c   Code   RO         2256    x$fpl$drleqf        fz_wm.l(drleqf.o)
    0x08012ae0   0x08012ae0   0x00000016   Code   RO         2243    x$fpl$drsb          fz_wm.l(daddsub_clz.o)
    0x08012af6   0x08012af6   0x00000002   PAD
    0x08012af8   0x08012af8   0x00000198   Code   RO         2332    x$fpl$dsqrt         fz_wm.l(dsqrt_umaal.o)
    0x08012c90   0x08012c90   0x000001d4   Code   RO         2244    x$fpl$dsub          fz_wm.l(daddsub_clz.o)
    0x08012e64   0x08012e64   0x0000000a   Code   RO         2416    x$fpl$fpinit        fz_wm.l(fpinit.o)
    0x08012e6e   0x08012e6e   0x00000064   Code   RO         2356    x$fpl$retnan        fz_wm.l(retnan.o)
    0x08012ed2   0x08012ed2   0x0000005c   Code   RO         2258    x$fpl$scalbn        fz_wm.l(scalbn.o)
    0x08012f2e   0x08012f2e   0x00000030   Code   RO         2405    x$fpl$trapveneer    fz_wm.l(trapv.o)
    0x08012f5e   0x08012f5e   0x00000000   Code   RO         2260    x$fpl$usenofp       fz_wm.l(usenofp.o)
    0x08012f5e   0x08012f5e   0x0000006e   Data   RO          503    .constdata          i2s.o
    0x08012fcc   0x08012fcc   0x0000000c   Data   RO         1065    .constdata          etharp.o
    0x08012fd8   0x08012fd8   0x00000004   Data   RO         1229    .constdata          ip_addr.o
    0x08012fdc   0x08012fdc   0x00000028   Data   RO         1322    .constdata          memp.o
    0x08013004   0x08013004   0x00000054   Data   RO         1403    .constdata          tcp.o
    0x08013058   0x08013058   0x00000024   Data   RO         1607    .constdata          malloc.o
    0x0801307c   0x0801307c   0x00000028   Data   RO         2122    .constdata          c_w.l(_printf_hex_int.o)
    0x080130a4   0x080130a4   0x00000011   Data   RO         2157    .constdata          c_w.l(__printf_flags_ss_wp.o)
    0x080130b5   0x080130b5   0x00000003   PAD
    0x080130b8   0x080130b8   0x00000088   Data   RO         2206    .constdata          m_wm.l(pow.o)
    0x08013140   0x08013140   0x00000008   Data   RO         2285    .constdata          m_wm.l(qnan.o)
    0x08013148   0x08013148   0x00000044   Data   RO         1066    .conststring        etharp.o
    0x0801318c   0x0801318c   0x00000075   Data   RO         1404    .conststring        tcp.o
    0x08013201   0x08013201   0x00000003   PAD
    0x08013204   0x08013204   0x00000055   Data   RO         1451    .conststring        tcp_out.o
    0x08013259   0x08013259   0x00000003   PAD
    0x0801325c   0x0801325c   0x00000042   Data   RO         1668    .conststring        sdpmsgbuilding.o
    0x0801329e   0x0801329e   0x00000002   PAD
    0x080132a0   0x080132a0   0x00000053   Data   RO         1789    .conststring        sipmsgbuilding.o
    0x080132f3   0x080132f3   0x00000001   PAD
    0x080132f4   0x080132f4   0x0000021c   Data   RO         2003    .conststring        usmart.o
    0x08013510   0x08013510   0x00000107   Data   RO         2034    .conststring        usmart_config.o
    0x08013617   0x08013617   0x00000001   PAD
    0x08013618   0x08013618   0x00000020   Data   RO         2480    Region$$Table       anon$$obj.o
    0x08013638   0x08013638   0x00000110   Data   RO         2343    locale$$data        c_w.l(lc_ctype_c.o)


    Execution Region RW_IRAM1 (Exec base: 0x20000000, Load base: 0x08013748, Size: 0x000175b0, Max: 0x00020000, ABSOLUTE, COMPRESSED[0x00000ab8])

    Exec Addr    Load Addr    Size         Type   Attr      Idx    E Section Name        Object

    0x20000000   COMPRESSED   0x00000004   Data   RW            4    .data               main.o
    0x20000004   COMPRESSED   0x00000014   Data   RW          344    .data               system_stm32f4xx.o
    0x20000018   COMPRESSED   0x00000005   Data   RW          370    .data               key.o
    0x2000001d   COMPRESSED   0x00000001   Data   RW          371    .data               key.o
    0x2000001e   COMPRESSED   0x00000001   Data   RW          372    .data               key.o
    0x2000001f   COMPRESSED   0x00000001   PAD
    0x20000020   COMPRESSED   0x00000004   Data   RW          440    .data               timer.o
    0x20000024   COMPRESSED   0x00000010   Data   RW          476    .data               lan8720.o
    0x20000034   COMPRESSED   0x00000008   Data   RW          504    .data               i2s.o
    0x2000003c   COMPRESSED   0x00000074   Data   RW          550    .data               wm8978.o
    0x200000b0   COMPRESSED   0x00000008   Data   RW          573    .data               24cxx.o
    0x200000b8   COMPRESSED   0x00000008   Data   RW          599    .data               cw2015.o
    0x200000c0   COMPRESSED   0x00000002   Data   RW          653    .data               dtmf_rx.o
    0x200000c2   COMPRESSED   0x00000010   Data   RW          728    .data               stm32f4xx_rcc.o
    0x200000d2   COMPRESSED   0x00000002   PAD
    0x200000d4   COMPRESSED   0x0000000c   Data   RW          812    .data               stm32f4x7_eth.o
    0x200000e0   COMPRESSED   0x00000004   Data   RW          923    .data               delay.o
    0x200000e4   COMPRESSED   0x00000002   Data   RW          964    .data               usart.o
    0x200000e6   COMPRESSED   0x00000002   PAD
    0x200000e8   COMPRESSED   0x00000004   Data   RW          965    .data               usart.o
    0x200000ec   COMPRESSED   0x0000000c   Data   RW          996    .data               lwip_comm.o
    0x200000f8   COMPRESSED   0x00000001   Data   RW         1067    .data               etharp.o
    0x200000f9   COMPRESSED   0x00000003   PAD
    0x200000fc   COMPRESSED   0x00000014   Data   RW         1195    .data               ip.o
    0x20000110   COMPRESSED   0x00000008   Data   RW         1252    .data               ip_frag.o
    0x20000118   COMPRESSED   0x00000004   Data   RW         1323    .data               memp.o
    0x2000011c   COMPRESSED   0x0000000c   Data   RW         1347    .data               netif.o
    0x20000128   COMPRESSED   0x00000004   Data   RW         1383    .data               raw.o
    0x2000012c   COMPRESSED   0x00000024   Data   RW         1405    .data               tcp.o
    0x20000150   COMPRESSED   0x0000001c   Data   RW         1429    .data               tcp_in.o
    0x2000016c   COMPRESSED   0x0000000c   Data   RW         1464    .data               timers.o
    0x20000178   COMPRESSED   0x00000008   Data   RW         1480    .data               udp.o
    0x20000180   COMPRESSED   0x00000010   Data   RW         1506    .data               mem.o
    0x20000190   COMPRESSED   0x00000024   Data   RW         1608    .data               malloc.o
    0x200001b4   COMPRESSED   0x00000018   Data   RW         1636    .data               net_rxtx.o
    0x200001cc   COMPRESSED   0x00000001   Data   RW         1637    .data               net_rxtx.o
    0x200001cd   COMPRESSED   0x00000003   PAD
    0x200001d0   COMPRESSED   0x00000004   Data   RW         1638    .data               net_rxtx.o
    0x200001d4   COMPRESSED   0x00000016   Data   RW         1692    .data               sipmain.o
    0x200001ea   COMPRESSED   0x00000004   Data   RW         1727    .data               sipmsganalysis.o
    0x200001ee   COMPRESSED   0x00000002   PAD
    0x200001f0   COMPRESSED   0x00000008   Data   RW         1790    .data               sipmsgbuilding.o
    0x200001f8   COMPRESSED   0x00000002   Data   RW         1813    .data               tel_func.o
    0x200001fa   COMPRESSED   0x00000001   Data   RW         1842    .data               rtp.o
    0x200001fb   COMPRESSED   0x00000001   Data   RW         1843    .data               rtp.o
    0x200001fc   COMPRESSED   0x0000000c   Data   RW         1869    .data               hhdxmsg.o
    0x20000208   COMPRESSED   0x00000001   Data   RW         1896    .data               recmsg.o
    0x20000209   COMPRESSED   0x00000003   PAD
    0x2000020c   COMPRESSED   0x00000008   Data   RW         1920    .data               recmsgbuilding.o
    0x20000214   COMPRESSED   0x00000a38   Data   RW         1947    .data               audio.o
    0x20000c4c   COMPRESSED   0x00000006   Data   RW         1976    .data               usart3_fsk.o
    0x20000c52   COMPRESSED   0x00000002   PAD
    0x20000c54   COMPRESSED   0x0000003c   Data   RW         2004    .data               usmart.o
    0x20000c90   COMPRESSED   0x00000030   Data   RW         2035    .data               usmart_config.o
    0x20000cc0   COMPRESSED   0x000000f4   Data   RW         2036    .data               usmart_config.o
    0x20000db4        -       0x0000000c   Zero   RW          811    .bss                stm32f4x7_eth.o
    0x20000dc0        -       0x000000c8   Zero   RW          963    .bss                usart.o
    0x20000e88        -       0x0000004c   Zero   RW          995    .bss                lwip_comm.o
    0x20000ed4        -       0x000000c8   Zero   RW         1064    .bss                etharp.o
    0x20000f9c        -       0x00000010   Zero   RW         1228    .bss                ip_addr.o
    0x20000fac        -       0x00000028   Zero   RW         1321    .bss                memp.o
    0x20000fd4        -       0x00000010   Zero   RW         1428    .bss                tcp_in.o
    0x20000fe4        -       0x00014000   Zero   RW         1605    .bss                malloc.o
    0x20014fe4        -       0x00001400   Zero   RW         1606    .bss                malloc.o
    0x200163e4        -       0x0000000c   Zero   RW         1635    .bss                net_rxtx.o
    0x200163f0        -       0x00000040   Zero   RW         1726    .bss                sipmsganalysis.o
    0x20016430        -       0x0000050c   Zero   RW         1840    .bss                rtp.o
    0x2001693c        -       0x00000560   Zero   RW         1841    .bss                rtp.o
    0x20016e9c        -       0x00000012   Zero   RW         1946    .bss                audio.o
    0x20016eae        -       0x00000080   Zero   RW         1973    .bss                usart3_fsk.o
    0x20016f2e        -       0x00000011   Zero   RW         1974    .bss                usart3_fsk.o
    0x20016f3f        -       0x00000011   Zero   RW         1975    .bss                usart3_fsk.o
    0x20016f50        -       0x00000060   Zero   RW         2299    .bss                c_w.l(libspace.o)
    0x20016fb0        -       0x00000200   Zero   RW          679    HEAP                startup_stm32f40_41xxx.o
    0x200171b0        -       0x00000400   Zero   RW          678    STACK               startup_stm32f40_41xxx.o



  Load Region LR$$.ARM.__AT_0x10000000 (Base: 0x10000000, Size: 0x00000000, Max: 0x0000f000, ABSOLUTE)

    Execution Region ER$$.ARM.__AT_0x10000000 (Exec base: 0x10000000, Load base: 0x10000000, Size: 0x0000f000, Max: 0x0000f000, ABSOLUTE, UNINIT)

    Exec Addr    Load Addr    Size         Type   Attr      Idx    E Section Name        Object

    0x10000000        -       0x0000f000   Zero   RW         1601    .ARM.__AT_0x10000000  malloc.o



  Load Region LR$$.ARM.__AT_0x1000F000 (Base: 0x1000f000, Size: 0x00000000, Max: 0x00000f00, ABSOLUTE)

    Execution Region ER$$.ARM.__AT_0x1000F000 (Exec base: 0x1000f000, Load base: 0x1000f000, Size: 0x00000f00, Max: 0x00000f00, ABSOLUTE, UNINIT)

    Exec Addr    Load Addr    Size         Type   Attr      Idx    E Section Name        Object

    0x1000f000        -       0x00000f00   Zero   RW         1602    .ARM.__AT_0x1000F000  malloc.o



  Load Region LR$$.ARM.__AT_0x68000000 (Base: 0x68000000, Size: 0x00000000, Max: 0x00032000, ABSOLUTE)

    Execution Region ER$$.ARM.__AT_0x68000000 (Exec base: 0x68000000, Load base: 0x68000000, Size: 0x00032000, Max: 0x00032000, ABSOLUTE, UNINIT)

    Exec Addr    Load Addr    Size         Type   Attr      Idx    E Section Name        Object

    0x68000000        -       0x00032000   Zero   RW         1603    .ARM.__AT_0x68000000  malloc.o



  Load Region LR$$.ARM.__AT_0x68032000 (Base: 0x68032000, Size: 0x00000000, Max: 0x00003200, ABSOLUTE)

    Execution Region ER$$.ARM.__AT_0x68032000 (Exec base: 0x68032000, Load base: 0x68032000, Size: 0x00003200, Max: 0x00003200, ABSOLUTE, UNINIT)

    Exec Addr    Load Addr    Size         Type   Attr      Idx    E Section Name        Object

    0x68032000        -       0x00003200   Zero   RW         1604    .ARM.__AT_0x68032000  malloc.o


==============================================================================

Image component sizes


      Code (inc. data)   RO Data    RW Data    ZI Data      Debug   Object Name

       224         14          0          8          0       2949   24cxx.o
       584         40          0       2616         18       3923   audio.o
       716        136          0          8          0       3625   cw2015.o
        16          0          0          0          0       1456   def.o
       180          4          0          4          0       1409   delay.o
       164         28          0          2          0       1964   dtmf_rx.o
      2696        584         80          1        200      10933   etharp.o
       476        132          0          0          0       4854   ethernetif.o
      2216        680          0         12          0       7200   hhdxmsg.o
       736         40        110          8          0       3896   i2s.o
       816        374          0          0          0       2470   icmp.o
       604          4          0          0          0       2100   iic.o
         0          0          0          0          0       3828   inet.o
       588        104          0          0          0       3409   inet_chksum.o
        30          0          0          0          0        544   init.o
       820        156          0         20          0       7051   ip.o
       596        112          4          0         16       9499   ip_addr.o
      2092        464          0          8          0       7360   ip_frag.o
       424         82          0          7          0       2634   key.o
       772         46          0         16          0       3848   lan8720.o
       116          8          0          0          0        887   led.o
       932        316          0         12         76      18961   lwip_comm.o
       756        178          0          4          0     350700   main.o
       456         10         36         36     369920       5165   malloc.o
      1328        504          0         16          0       4026   mem.o
       380        192         40          4         40       3024   memp.o
       176         12          0          0          0       2125   misc.o
       548          8          0          0          0       2024   myiic.o
       912         62          0         29         12       6554   net_rxtx.o
       596        118          0         12          0       6643   netif.o
      3354       1232          0          0          0       9855   pbuf.o
       504        132          0          4          0       3589   raw.o
       792        172          0          1          0       3871   recmsg.o
       668        220          0          8          0       3440   recmsgbuilding.o
       284         36          0          2       2668       2223   rtp.o
       152         76         66          0          0        659   sdpmsgbuilding.o
       864         62          0         22          0       5313   sipmain.o
      1852        262          0          4         64       8314   sipmsganalysis.o
      3452        882         83          8          0       4963   sipmsgbuilding.o
        64         26        392          0       1536        836   startup_stm32f40_41xxx.o
      2744         86          0         12         12      21020   stm32f4x7_eth.o
       800         32          0          0          0       7141   stm32f4xx_dma.o
       524         44          0          0          0       4649   stm32f4xx_gpio.o
        18          0          0          0          0       1210   stm32f4xx_it.o
      1152         48          0         16          0      13536   stm32f4xx_rcc.o
       812         36          0          0          0       7557   stm32f4xx_spi.o
       124         16          0          0          0       1961   stm32f4xx_syscfg.o
      2524         52          0          0          0      24174   stm32f4xx_tim.o
       856         32          0          0          0       8464   stm32f4xx_usart.o
       608         34          0          0          0       3613   strint.o
        12          6          0          0          0        478   sys_arch.o
       380         36          0         20          0       1891   system_stm32f4xx.o
      4080        994        201         36          0      22749   tcp.o
      4380        810          0         28         16      15175   tcp_in.o
      3936        862         85          0          0      10983   tcp_out.o
       316         44          0          2          0       2553   tel_func.o
       320         22          0          4          0       2367   timer.o
       580        174          0         12          0       2867   timers.o
      1208        246          0          8          0       7465   udp.o
       284         18          0          6        200       3342   usart.o
       988        102          0          6        162       4131   usart3_fsk.o
      6020       2990        540         60          0       6972   usmart.o
         0          0        263        292          0       1596   usmart_config.o
      1112         14          0          0          0       6649   usmart_str.o
       832         12          0        116          0       4489   wm8978.o

    ----------------------------------------------------------------------
     67552      14218       1942       3508     374940     715156   Object Totals
         0          0         32          0          0          0   (incl. Generated)
         6          0         10         18          0          0   (incl. Padding)

    ----------------------------------------------------------------------

      Code (inc. data)   RO Data    RW Data    ZI Data      Debug   Library Member Name

        24          4          0          0          0         84   __2printf.o
        44          6          0          0          0         84   __2sprintf.o
       100          0          0          0          0          0   __dclz77c.o
         8          0          0          0          0         68   __main.o
       392          4         17          0          0         92   __printf_flags_ss_wp.o
        14          0          0          0          0         68   __printf_wp.o
         0          0          0          0          0          0   __rtentry.o
        12          0          0          0          0          0   __rtentry2.o
         6          0          0          0          0          0   __rtentry4.o
        52          8          0          0          0          0   __scatter.o
        28          0          0          0          0          0   __scatter_zi.o
        28          0          0          0          0         68   _chval.o
         6          0          0          0          0          0   _printf_c.o
        44          0          0          0          0        108   _printf_char.o
        48          6          0          0          0         96   _printf_char_common.o
        36          4          0          0          0         80   _printf_char_file.o
         6          0          0          0          0          0   _printf_d.o
       120         16          0          0          0         92   _printf_dec.o
        88          4         40          0          0         88   _printf_hex_int.o
       178          0          0          0          0         88   _printf_intcommon.o
        78          0          0          0          0        108   _printf_pad.o
         0          0          0          0          0          0   _printf_percent.o
         4          0          0          0          0          0   _printf_percent_end.o
         6          0          0          0          0          0   _printf_s.o
        82          0          0          0          0         80   _printf_str.o
         6          0          0          0          0          0   _printf_u.o
         6          0          0          0          0          0   _printf_x.o
        22          0          0          0          0        100   _rserrno.o
        10          0          0          0          0         68   _sputc.o
       158          0          0          0          0         92   _strtoul.o
        26          0          0          0          0         80   atoi.o
        18          0          0          0          0         80   exit.o
         8          0          0          0          0         68   ferror.o
         6          0          0          0          0        152   heapauxi.o
        44         10        272          0          0         76   lc_ctype_c.o
         2          0          0          0          0          0   libinit.o
        24          0          0          0          0          0   libinit2.o
         2          0          0          0          0          0   libshutdown.o
         2          0          0          0          0          0   libshutdown2.o
         8          4          0          0         96         68   libspace.o
        88          0          0          0          0         76   memcmp.o
        16          4          0          0          0         76   rt_ctype_table.o
         8          4          0          0          0         68   rt_errno_addr_intlibspace.o
         8          4          0          0          0         68   rt_locale_intlibspace.o
        68          0          0          0          0         68   rt_memclr.o
        78          0          0          0          0         80   rt_memclr_w.o
       138          0          0          0          0         68   rt_memcpy_v6.o
       100          0          0          0          0         80   rt_memcpy_w.o
         2          0          0          0          0          0   rtexit.o
        10          0          0          0          0          0   rtexit2.o
        24          0          0          0          0         68   strcat.o
        20          0          0          0          0         68   strchr.o
       128          0          0          0          0         68   strcmpv7m.o
        72          0          0          0          0         80   strcpy.o
        62          0          0          0          0         76   strlen.o
        86          0          0          0          0         76   strncpy.o
       112          0          0          0          0         88   strtol.o
        74          0          0          0          0         80   sys_stackheap_outer.o
         2          0          0          0          0         68   use_no_semi.o
         2          0          0          0          0         68   use_no_semi_2.o
        24          0          0          0          0        164   basic.o
       826         16          0          0          0        492   daddsub_clz.o
        16          4          0          0          0        116   dcheck1.o
        24          0          0          0          0        116   dcmpi.o
       688        140          0          0          0        256   ddiv.o
        90          4          0          0          0        140   dfixu.o
        46          0          0          0          0        116   dflt_clz.o
       120          4          0          0          0        140   dleqf.o
       340         12          0          0          0        152   dmul.o
       156          4          0          0          0        140   dnaninf.o
        12          0          0          0          0        116   dretinf.o
       108          0          0          0          0        128   drleqf.o
       408         56          0          0          0        168   dsqrt_umaal.o
        10          0          0          0          0        116   fpinit.o
       100          0          0          0          0        116   retnan.o
        92          0          0          0          0        116   scalbn.o
        48          0          0          0          0        116   trapv.o
         0          0          0          0          0          0   usenofp.o
       164         44          0          0          0        620   dunder.o
        24          0          0          0          0        124   fabs.o
        48          0          0          0          0        124   fpclassify.o
       248          0          0          0          0        152   poly.o
      3152        296        136          0          0        352   pow.o
         0          0          8          0          0          0   qnan.o
       110          0          0          0          0        148   sqrt.o

    ----------------------------------------------------------------------
      9718        658        476          0         96       7540   Library Totals
        20          0          3          0          0          0   (incl. Padding)

    ----------------------------------------------------------------------

      Code (inc. data)   RO Data    RW Data    ZI Data      Debug   Library Name

      2844         78        329          0         96       3312   c_w.l
      3108        240          0          0          0       2708   fz_wm.l
      3746        340        144          0          0       1520   m_wm.l

    ----------------------------------------------------------------------
      9718        658        476          0         96       7540   Library Totals

    ----------------------------------------------------------------------

==============================================================================


      Code (inc. data)   RO Data    RW Data    ZI Data      Debug   

     77270      14876       2418       3508     375036     703772   Grand Totals
     77270      14876       2418       2744     375036     703772   ELF Image Totals (compressed)
     77270      14876       2418       2744          0          0   ROM Totals

==============================================================================

    Total RO  Size (Code + RO Data)                79688 (  77.82kB)
    Total RW  Size (RW Data + ZI Data)            378544 ( 369.67kB)
    Total ROM Size (Code + RO Data + RW Data)      82432 (  80.50kB)

==============================================================================

